Component: ARM Compiler 5.06 update 4 (build 422) Tool: armlink [4d35d2]

==============================================================================

Section Cross References

    main.o(i.interrupt_task) refers to noretval__2printf.o(.text) for __2printf
    main.o(i.interrupt_task) refers to delay.o(i.delay_xms) for delay_xms
    main.o(i.interrupt_task) refers to tasks.o(i.vTaskDelay) for vTaskDelay
    main.o(i.interrupt_task) refers to main.o(.data) for total_num
    main.o(i.main) refers to misc.o(i.NVIC_PriorityGroupConfig) for NVIC_PriorityGroupConfig
    main.o(i.main) refers to delay.o(i.delay_init) for delay_init
    main.o(i.main) refers to usart.o(i.uart_init) for uart_init
    main.o(i.main) refers to timer.o(i.TIM3_Int_Init) for TIM3_Int_Init
    main.o(i.main) refers to ili93xx.o(i.TFTLCD_Init) for TFTLCD_Init
    main.o(i.main) refers to lv_obj.o(i.lv_init) for lv_init
    main.o(i.main) refers to lv_port_disp.o(i.lv_port_disp_init) for lv_port_disp_init
    main.o(i.main) refers to lv_port_indev.o(i.lv_port_indev_init) for lv_port_indev_init
    main.o(i.main) refers to demo.o(i.demo_create) for demo_create
    main.o(i.main) refers to lv_task.o(i.lv_task_handler) for lv_task_handler
    main.o(i.main) refers to touch.o(.data) for tp_dev
    main.o(i.start_task) refers to port.o(i.vPortEnterCritical) for vPortEnterCritical
    main.o(i.start_task) refers to tasks.o(i.xTaskCreate) for xTaskCreate
    main.o(i.start_task) refers to tasks.o(i.vTaskDelete) for vTaskDelete
    main.o(i.start_task) refers to port.o(i.vPortExitCritical) for vPortExitCritical
    main.o(i.start_task) refers to main.o(.data) for INTERRUPTTask_Handler
    main.o(i.start_task) refers to main.o(i.interrupt_task) for interrupt_task
    system_stm32f10x.o(i.SetSysClock) refers to system_stm32f10x.o(i.SetSysClockTo72) for SetSysClockTo72
    system_stm32f10x.o(i.SystemCoreClockUpdate) refers to system_stm32f10x.o(.data) for SystemCoreClock
    system_stm32f10x.o(i.SystemInit) refers to system_stm32f10x.o(i.SetSysClock) for SetSysClock
    led.o(i.LED_Init) refers to stm32f10x_rcc.o(i.RCC_APB2PeriphClockCmd) for RCC_APB2PeriphClockCmd
    led.o(i.LED_Init) refers to stm32f10x_gpio.o(i.GPIO_Init) for GPIO_Init
    led.o(i.LED_Init) refers to stm32f10x_gpio.o(i.GPIO_SetBits) for GPIO_SetBits
    timer.o(i.TIM3_IRQHandler) refers to stm32f10x_tim.o(i.TIM_GetITStatus) for TIM_GetITStatus
    timer.o(i.TIM3_IRQHandler) refers to lv_hal_tick.o(i.lv_tick_inc) for lv_tick_inc
    timer.o(i.TIM3_IRQHandler) refers to stm32f10x_tim.o(i.TIM_ClearITPendingBit) for TIM_ClearITPendingBit
    timer.o(i.TIM3_Int_Init) refers to stm32f10x_rcc.o(i.RCC_APB1PeriphClockCmd) for RCC_APB1PeriphClockCmd
    timer.o(i.TIM3_Int_Init) refers to stm32f10x_tim.o(i.TIM_TimeBaseInit) for TIM_TimeBaseInit
    timer.o(i.TIM3_Int_Init) refers to stm32f10x_tim.o(i.TIM_ITConfig) for TIM_ITConfig
    timer.o(i.TIM3_Int_Init) refers to misc.o(i.NVIC_Init) for NVIC_Init
    timer.o(i.TIM3_Int_Init) refers to stm32f10x_tim.o(i.TIM_Cmd) for TIM_Cmd
    timer.o(i.TIM5_IRQHandler) refers to stm32f10x_tim.o(i.TIM_GetITStatus) for TIM_GetITStatus
    timer.o(i.TIM5_IRQHandler) refers to noretval__2printf.o(.text) for __2printf
    timer.o(i.TIM5_IRQHandler) refers to stm32f10x_tim.o(i.TIM_ClearITPendingBit) for TIM_ClearITPendingBit
    timer.o(i.TIM5_Int_Init) refers to stm32f10x_rcc.o(i.RCC_APB1PeriphClockCmd) for RCC_APB1PeriphClockCmd
    timer.o(i.TIM5_Int_Init) refers to stm32f10x_tim.o(i.TIM_TimeBaseInit) for TIM_TimeBaseInit
    timer.o(i.TIM5_Int_Init) refers to stm32f10x_tim.o(i.TIM_ITConfig) for TIM_ITConfig
    timer.o(i.TIM5_Int_Init) refers to misc.o(i.NVIC_Init) for NVIC_Init
    timer.o(i.TIM5_Int_Init) refers to stm32f10x_tim.o(i.TIM_Cmd) for TIM_Cmd
    gtiic.o(i.CT_Delay) refers to delay.o(i.delay_us) for delay_us
    gtiic.o(i.CT_IIC_Ack) refers to gtiic.o(i.CT_SDA_OUT) for CT_SDA_OUT
    gtiic.o(i.CT_IIC_Ack) refers to gtiic.o(i.CT_Delay) for CT_Delay
    gtiic.o(i.CT_IIC_Init) refers to stm32f10x_rcc.o(i.RCC_APB2PeriphClockCmd) for RCC_APB2PeriphClockCmd
    gtiic.o(i.CT_IIC_Init) refers to stm32f10x_gpio.o(i.GPIO_Init) for GPIO_Init
    gtiic.o(i.CT_IIC_Init) refers to stm32f10x_gpio.o(i.GPIO_SetBits) for GPIO_SetBits
    gtiic.o(i.CT_IIC_NAck) refers to gtiic.o(i.CT_SDA_OUT) for CT_SDA_OUT
    gtiic.o(i.CT_IIC_NAck) refers to gtiic.o(i.CT_Delay) for CT_Delay
    gtiic.o(i.CT_IIC_Read_Byte) refers to gtiic.o(i.CT_SDA_IN) for CT_SDA_IN
    gtiic.o(i.CT_IIC_Read_Byte) refers to delay.o(i.delay_us) for delay_us
    gtiic.o(i.CT_IIC_Read_Byte) refers to gtiic.o(i.CT_Delay) for CT_Delay
    gtiic.o(i.CT_IIC_Read_Byte) refers to gtiic.o(i.CT_IIC_NAck) for CT_IIC_NAck
    gtiic.o(i.CT_IIC_Read_Byte) refers to gtiic.o(i.CT_IIC_Ack) for CT_IIC_Ack
    gtiic.o(i.CT_IIC_Send_Byte) refers to gtiic.o(i.CT_SDA_OUT) for CT_SDA_OUT
    gtiic.o(i.CT_IIC_Send_Byte) refers to gtiic.o(i.CT_Delay) for CT_Delay
[...]
    lv_task_handler                          0x08019279   Thumb Code   330  lv_task.o(i.lv_task_handler)
    lv_task_ready                            0x080193ed   Thumb Code    18  lv_task.o(i.lv_task_ready)
    lv_task_set_cb                           0x080193ff   Thumb Code     4  lv_task.o(i.lv_task_set_cb)
    lv_task_set_period                       0x08019403   Thumb Code     4  lv_task.o(i.lv_task_set_period)
    lv_task_set_prio                         0x08019409   Thumb Code    94  lv_task.o(i.lv_task_set_prio)
    lv_theme_get_current                     0x0801946d   Thumb Code    14  lv_theme.o(i.lv_theme_get_current)
    lv_tick_elaps                            0x08019485   Thumb Code    26  lv_hal_tick.o(i.lv_tick_elaps)
    lv_tick_get                              0x080194a1   Thumb Code    22  lv_hal_tick.o(i.lv_tick_get)
    lv_tick_inc                              0x080194c1   Thumb Code    18  lv_hal_tick.o(i.lv_tick_inc)
    lv_txt_cut                               0x080194dd   Thumb Code    66  lv_txt.o(i.lv_txt_cut)
    lv_txt_get_next_line                     0x08019525   Thumb Code   272  lv_txt.o(i.lv_txt_get_next_line)
    lv_txt_get_size                          0x08019645   Thumb Code   204  lv_txt.o(i.lv_txt_get_size)
    lv_txt_get_width                         0x08019711   Thumb Code   140  lv_txt.o(i.lv_txt_get_width)
    lv_txt_ins                               0x080197a1   Thumb Code    74  lv_txt.o(i.lv_txt_ins)
    lv_txt_is_cmd                            0x080197f1   Thumb Code    66  lv_txt.o(i.lv_txt_is_cmd)
    lv_utils_bsearch                         0x08019b79   Thumb Code    84  lv_utils.o(i.lv_utils_bsearch)
    main                                     0x08019bcd   Thumb Code    72  main.o(i.main)
    tri_draw_flat                            0x0801b175   Thumb Code  1112  lv_draw_triangle.o(i.tri_draw_flat)
    tri_draw_tall                            0x0801b5cd   Thumb Code   928  lv_draw_triangle.o(i.tri_draw_tall)
    uart_init                                0x0801b96d   Thumb Code   152  usart.o(i.uart_init)
    uxListRemove                             0x0801bae9   Thumb Code    40  list.o(i.uxListRemove)
    vListInsert                              0x0801bb11   Thumb Code    52  list.o(i.vListInsert)
    vListInsertEnd                           0x0801bb45   Thumb Code    24  list.o(i.vListInsertEnd)
    vPortEnterCritical                       0x0801bb5d   Thumb Code    68  port.o(i.vPortEnterCritical)
    vPortExitCritical                        0x0801bbe5   Thumb Code    48  port.o(i.vPortExitCritical)
    vTaskDelay                               0x0801bc55   Thumb Code    72  tasks.o(i.vTaskDelay)
    vTaskSuspendAll                          0x0801bcc9   Thumb Code    12  tasks.o(i.vTaskSuspendAll)
    vTaskSwitchContext                       0x0801bcd9   Thumb Code   110  tasks.o(i.vTaskSwitchContext)
    xPortSysTickHandler                      0x0801bf39   Thumb Code    46  port.o(i.xPortSysTickHandler)
    xTaskGetSchedulerState                   0x0801bf6d   Thumb Code    24  tasks.o(i.xTaskGetSchedulerState)
    xTaskIncrementTick                       0x0801bf8d   Thumb Code   272  tasks.o(i.xTaskIncrementTick)
    xTaskResumeAll                           0x0801c0ed   Thumb Code   214  tasks.o(i.xTaskResumeAll)
    GT9147_CFG_TBL                           0x0801c20c   Data         184  gt9147.o(.constdata)
    GT9147_TPX_TBL                           0x0801c2c4   Data          10  gt9147.o(.constdata)
    img_bubble_pattern_map                   0x0801f1e8   Data       224640  img_bubble_pattern.o(.constdata)
    Region$$Table$$Base                      0x0805619c   Number         0  anon$$obj.o(Region$$Table)
    Region$$Table$$Limit                     0x080561bc   Number         0  anon$$obj.o(Region$$Table)
    SystemCoreClock                          0x20000000   Data           4  system_stm32f10x.o(.data)
    AHBPrescTable                            0x20000004   Data          16  system_stm32f10x.o(.data)
    tp_dev                                   0x20000018   Data          52  touch.o(.data)
    __stdout                                 0x20000050   Data           4  usart.o(.data)
    USART_RX_STA                             0x20000054   Data           2  usart.o(.data)
    pxCurrentTCB                             0x2000006c   Data           4  tasks.o(.data)
    lv_font_roboto_16                        0x20000114   Data          16  lv_font_roboto_16.o(.data)
    _lv_img_cache_array                      0x20000138   Data           4  lv_gc.o(.data)
    _lv_task_act                             0x2000013c   Data           4  lv_gc.o(.data)
    _lv_draw_buf                             0x20000140   Data           4  lv_gc.o(.data)
    lv_txt_encoded_size                      0x20000160   Data           4  lv_txt.o(.data)
    lv_txt_unicode_to_encoded                0x20000164   Data           4  lv_txt.o(.data)
    lv_txt_encoded_conv_wc                   0x20000168   Data           4  lv_txt.o(.data)
    lv_txt_encoded_next                      0x2000016c   Data           4  lv_txt.o(.data)
    lv_txt_encoded_prev                      0x20000170   Data           4  lv_txt.o(.data)
    lv_txt_encoded_get_byte_id               0x20000174   Data           4  lv_txt.o(.data)
    lv_encoded_get_char_id                   0x20000178   Data           4  lv_txt.o(.data)
    lv_txt_get_encoded_length                0x2000017c   Data           4  lv_txt.o(.data)
    img_bubble_pattern                       0x20000480   Data          12  img_bubble_pattern.o(.data)
    lcddev                                   0x200004a0   Data          14  ili93xx.o(.bss)
    USART_RX_BUF                             0x200004ae   Data         200  usart.o(.bss)
    lv_style_scr                             0x2000085c   Data          60  lv_style.o(.bss)
    lv_style_transp                          0x20000898   Data          60  lv_style.o(.bss)
    lv_style_transp_fit                      0x200008d4   Data          60  lv_style.o(.bss)
    lv_style_transp_tight                    0x20000910   Data          60  lv_style.o(.bss)
    lv_style_plain                           0x2000094c   Data          60  lv_style.o(.bss)
    lv_style_plain_color                     0x20000988   Data          60  lv_style.o(.bss)
    lv_style_pretty                          0x200009c4   Data          60  lv_style.o(.bss)
    lv_style_pretty_color                    0x20000a00   Data          60  lv_style.o(.bss)
    lv_style_btn_rel                         0x20000a3c   Data          60  lv_style.o(.bss)
    lv_style_btn_pr                          0x20000a78   Data          60  lv_style.o(.bss)
    lv_style_btn_tgl_rel                     0x20000ab4   Data          60  lv_style.o(.bss)
    lv_style_btn_tgl_pr                      0x20000af0   Data          60  lv_style.o(.bss)
    lv_style_btn_ina                         0x20000b2c   Data          60  lv_style.o(.bss)
    _lv_task_ll                              0x20000b68   Data          12  lv_gc.o(.bss)
    _lv_disp_ll                              0x20000b74   Data          12  lv_gc.o(.bss)
    _lv_indev_ll                             0x20000b80   Data          12  lv_gc.o(.bss)
    _lv_drv_ll                               0x20000b8c   Data          12  lv_gc.o(.bss)
    _lv_file_ll                              0x20000b98   Data          12  lv_gc.o(.bss)
    _lv_anim_ll                              0x20000ba4   Data          12  lv_gc.o(.bss)
    _lv_group_ll                             0x20000bb0   Data          12  lv_gc.o(.bss)
    _lv_img_defoder_ll                       0x20000bbc   Data          12  lv_gc.o(.bss)
    __libspace_start                         0x20008ef8   Data          96  libspace.o(.bss)
    __temporary_stack_top$libspace           0x20008f58   Data           0  libspace.o(.bss)



==============================================================================

Memory Map of the image

  Image Entry point : 0x080002b9

  Load Region LR_1 (Base: 0x08000000, Size: 0x0005665c, Max: 0xffffffff, ABSOLUTE, COMPRESSED[0x000563c0])

    Execution Region ER_RO (Base: 0x08000000, Size: 0x000561bc, Max: 0xffffffff, ABSOLUTE)

    Base Addr    Size         Type   Attr      Idx    E Section Name        Object

    0x08000000   0x00000130   Data   RO         1262    RESET               startup_stm32f10x_hd.o
    0x08000130   0x00000008   Code   RO        14418  * !!!main             c_w.l(__main.o)
    0x08000138   0x00000034   Code   RO        14609    !!!scatter          c_w.l(__scatter.o)
    0x0800016c   0x0000005a   Code   RO        14607    !!dczerorl2         c_w.l(__dczerorl2.o)
    0x080001c6   0x00000002   PAD
    0x080001c8   0x0000001c   Code   RO        14611    !!handler_zi        c_w.l(__scatter_zi.o)
    0x080001e4   0x00000000   Code   RO        14399    .ARM.Collect$$_printf_percent$$00000000  c_w.l(_printf_percent.o)
    0x080001e4   0x00000006   Code   RO        14397    .ARM.Collect$$_printf_percent$$00000009  c_w.l(_printf_d.o)
    0x080001ea   0x00000006   Code   RO        14396    .ARM.Collect$$_printf_percent$$0000000C  c_w.l(_printf_x.o)
    0x080001f0   0x00000006   Code   RO        14395    .ARM.Collect$$_printf_percent$$00000014  c_w.l(_printf_s.o)
    0x080001f6   0x00000004   Code   RO        14445    .ARM.Collect$$_printf_percent$$00000017  c_w.l(_printf_percent_end.o)
    0x080001fa   0x00000002   Code   RO        14481    .ARM.Collect$$libinit$$00000000  c_w.l(libinit.o)
    0x080001fc   0x00000000   Code   RO        14488    .ARM.Collect$$libinit$$00000002  c_w.l(libinit2.o)
    0x080001fc   0x00000000   Code   RO        14490    .ARM.Collect$$libinit$$00000004  c_w.l(libinit2.o)
    0x080001fc   0x00000000   Code   RO        14493    .ARM.Collect$$libinit$$0000000A  c_w.l(libinit2.o)
    0x080001fc   0x00000000   Code   RO        14495    .ARM.Collect$$libinit$$0000000C  c_w.l(libinit2.o)
    0x080001fc   0x00000000   Code   RO        14497    .ARM.Collect$$libinit$$0000000E  c_w.l(libinit2.o)
    0x080001fc   0x00000000   Code   RO        14500    .ARM.Collect$$libinit$$00000011  c_w.l(libinit2.o)
    0x080001fc   0x00000000   Code   RO        14502    .ARM.Collect$$libinit$$00000013  c_w.l(libinit2.o)
    0x080001fc   0x00000000   Code   RO        14504    .ARM.Collect$$libinit$$00000015  c_w.l(libinit2.o)
    0x080001fc   0x00000000   Code   RO        14506    .ARM.Collect$$libinit$$00000017  c_w.l(libinit2.o)
    0x080001fc   0x00000000   Code   RO        14508    .ARM.Collect$$libinit$$00000019  c_w.l(libinit2.o)
    0x080001fc   0x00000000   Code   RO        14510    .ARM.Collect$$libinit$$0000001B  c_w.l(libinit2.o)
    0x080001fc   0x00000000   Code   RO        14512    .ARM.Collect$$libinit$$0000001D  c_w.l(libinit2.o)
    0x080001fc   0x00000000   Code   RO        14514    .ARM.Collect$$libinit$$0000001F  c_w.l(libinit2.o)
    0x080001fc   0x00000000   Code   RO        14516    .ARM.Collect$$libinit$$00000021  c_w.l(libinit2.o)
    0x080001fc   0x00000000   Code   RO        14518    .ARM.Collect$$libinit$$00000023  c_w.l(libinit2.o)
    0x080001fc   0x00000000   Code   RO        14520    .ARM.Collect$$libinit$$00000025  c_w.l(libinit2.o)
    0x080001fc   0x00000000   Code   RO        14524    .ARM.Collect$$libinit$$0000002C  c_w.l(libinit2.o)
    0x080001fc   0x00000000   Code   RO        14526    .ARM.Collect$$libinit$$0000002E  c_w.l(libinit2.o)
    0x080001fc   0x00000000   Code   RO        14528    .ARM.Collect$$libinit$$00000030  c_w.l(libinit2.o)
    0x080001fc   0x00000000   Code   RO        14530    .ARM.Collect$$libinit$$00000032  c_w.l(libinit2.o)
    0x080001fc   0x00000002   Code   RO        14531    .ARM.Collect$$libinit$$00000033  c_w.l(libinit2.o)
    0x080001fe   0x00000002   Code   RO        14549    .ARM.Collect$$libshutdown$$00000000  c_w.l(libshutdown.o)
    0x08000200   0x00000000   Code   RO        14559    .ARM.Collect$$libshutdown$$00000002  c_w.l(libshutdown2.o)
    0x08000200   0x00000000   Code   RO        14561    .ARM.Collect$$libshutdown$$00000004  c_w.l(libshutdown2.o)
    0x08000200   0x00000000   Code   RO        14564    .ARM.Collect$$libshutdown$$00000007  c_w.l(libshutdown2.o)
    0x08000200   0x00000000   Code   RO        14567    .ARM.Collect$$libshutdown$$0000000A  c_w.l(libshutdown2.o)
    0x08000200   0x00000000   Code   RO        14569    .ARM.Collect$$libshutdown$$0000000C  c_w.l(libshutdown2.o)
    0x08000200   0x00000000   Code   RO        14572    .ARM.Collect$$libshutdown$$0000000F  c_w.l(libshutdown2.o)
    0x08000200   0x00000002   Code   RO        14573    .ARM.Collect$$libshutdown$$00000010  c_w.l(libshutdown2.o)
    0x08000202   0x00000000   Code   RO        14434    .ARM.Collect$$rtentry$$00000000  c_w.l(__rtentry.o)
    0x08000202   0x00000000   Code   RO        14452    .ARM.Collect$$rtentry$$00000002  c_w.l(__rtentry2.o)
    0x08000202   0x00000006   Code   RO        14464    .ARM.Collect$$rtentry$$00000004  c_w.l(__rtentry4.o)
    0x08000208   0x00000000   Code   RO        14454    .ARM.Collect$$rtentry$$00000009  c_w.l(__rtentry2.o)
    0x08000208   0x00000004   Code   RO        14455    .ARM.Collect$$rtentry$$0000000A  c_w.l(__rtentry2.o)
    0x0800020c   0x00000000   Code   RO        14457    .ARM.Collect$$rtentry$$0000000C  c_w.l(__rtentry2.o)
    0x0800020c   0x00000008   Code   RO        14458    .ARM.Collect$$rtentry$$0000000D  c_w.l(__rtentry2.o)
    0x08000214   0x00000002   Code   RO        14485    .ARM.Collect$$rtexit$$00000000  c_w.l(rtexit.o)
    0x08000216   0x00000000   Code   RO        14533    .ARM.Collect$$rtexit$$00000002  c_w.l(rtexit2.o)
    0x08000216   0x00000004   Code   RO        14534    .ARM.Collect$$rtexit$$00000003  c_w.l(rtexit2.o)
    0x0800021a   0x00000006   Code   RO        14535    .ARM.Collect$$rtexit$$00000004  c_w.l(rtexit2.o)
    0x08000220   0x00000096   Code   RO         3420    .emb_text           port.o
    0x080002b6   0x00000002   PAD
    0x080002b8   0x00000040   Code   RO         1263  * .text               startup_stm32f10x_hd.o
    0x080002f8   0x00000002   Code   RO        14337    .text               c_w.l(use_no_semi_2.o)
    0x080002fa   0x00000002   PAD
    0x080002fc   0x00000018   Code   RO        14343    .text               c_w.l(noretval__2printf.o)
    0x08000314   0x00000068   Code   RO        14347    .text               c_w.l(__printf.o)
    0x0800037c   0x00000052   Code   RO        14349    .text               c_w.l(_printf_str.o)
    0x080003ce   0x00000002   PAD
    0x080003d0   0x00000078   Code   RO        14351    .text               c_w.l(_printf_dec.o)
    0x08000448   0x00000058   Code   RO        14356    .text               c_w.l(_printf_hex_int.o)
    0x080004a0   0x00000048   Code   RO        14400    .text               c_w.l(strcpy.o)
    0x080004e8   0x0000003e   Code   RO        14402    .text               c_w.l(strlen.o)
    0x08000526   0x0000008a   Code   RO        14404    .text               c_w.l(rt_memcpy_v6.o)
    0x080005b0   0x00000064   Code   RO        14406    .text               c_w.l(rt_memcpy_w.o)
    0x08000614   0x00000010   Code   RO        14408    .text               c_w.l(aeabi_memset.o)
    0x08000624   0x00000044   Code   RO        14410    .text               c_w.l(rt_memclr.o)
    0x08000668   0x0000004e   Code   RO        14412    .text               c_w.l(rt_memclr_w.o)
    0x080006b6   0x00000002   PAD
    0x080006b8   0x00000080   Code   RO        14414    .text               c_w.l(strcmpv7m.o)
    0x08000738   0x00000006   Code   RO        14416    .text               c_w.l(heapauxi.o)
    0x0800073e   0x00000002   Code   RO        14432    .text               c_w.l(use_no_semi.o)
    0x08000740   0x000000b2   Code   RO        14435    .text               c_w.l(_printf_intcommon.o)
    0x080007f2   0x00000002   PAD
    0x080007f4   0x00000030   Code   RO        14437    .text               c_w.l(_printf_char_common.o)
    0x08000824   0x0000002c   Code   RO        14441    .text               c_w.l(_printf_char.o)
    0x08000850   0x00000024   Code   RO        14443    .text               c_w.l(_printf_char_file.o)
    0x08000874   0x00000008   Code   RO        14468    .text               c_w.l(ferror.o)
    0x0800087c   0x0000004a   Code   RO        14472    .text               c_w.l(sys_stackheap_outer.o)
    0x080008c6   0x00000012   Code   RO        14474    .text               c_w.l(exit.o)
    0x080008d8   0x00000008   Code   RO        14482    .text               c_w.l(libspace.o)
    0x080008e0   0x00000004   Code   RO          393    i.BusFault_Handler  stm32f10x_it.o
    0x080008e4   0x0000000a   Code   RO          771    i.CT_Delay          gtiic.o
    0x080008ee   0x00000002   PAD
    0x080008f0   0x00000038   Code   RO          772    i.CT_IIC_Ack        gtiic.o
    0x08000928   0x00000054   Code   RO          773    i.CT_IIC_Init       gtiic.o
    0x0800097c   0x00000038   Code   RO          774    i.CT_IIC_NAck       gtiic.o
    0x080009b4   0x00000058   Code   RO          775    i.CT_IIC_Read_Byte  gtiic.o
    0x08000a0c   0x0000004c   Code   RO          776    i.CT_IIC_Send_Byte  gtiic.o
    0x08000a58   0x00000034   Code   RO          777    i.CT_IIC_Start      gtiic.o
    0x08000a8c   0x00000030   Code   RO          778    i.CT_IIC_Stop       gtiic.o
    0x08000abc   0x0000004c   Code   RO          779    i.CT_IIC_Wait_Ack   gtiic.o
    0x08000b08   0x0000002c   Code   RO          780    i.CT_SDA_IN         gtiic.o
    0x08000b34   0x0000002c   Code   RO          781    i.CT_SDA_OUT        gtiic.o
    0x08000b60   0x00000002   Code   RO          394    i.DebugMon_Handler  stm32f10x_it.o
    0x08000b62   0x00000002   PAD
    0x08000b64   0x00000034   Code   RO         2383    i.FSMC_NORSRAMCmd   stm32f10x_fsmc.o
    0x08000b98   0x000000e6   Code   RO         2385    i.FSMC_NORSRAMInit  stm32f10x_fsmc.o
    0x08000c7e   0x00000116   Code   RO         1309    i.GPIO_Init         stm32f10x_gpio.o
    0x08000d94   0x00000004   Code   RO         1316    i.GPIO_ResetBits    stm32f10x_gpio.o
    0x08000d98   0x00000004   Code   RO         1317    i.GPIO_SetBits      stm32f10x_gpio.o
    0x08000d9c   0x00000140   Code   RO          846    i.GT9147_Init       gt9147.o
    0x08000edc   0x00000062   Code   RO          847    i.GT9147_RD_Reg     gt9147.o
    0x08000f3e   0x00000002   PAD
    0x08000f40   0x00000200   Code   RO          848    i.GT9147_Scan       gt9147.o
    0x08001140   0x0000005c   Code   RO          849    i.GT9147_Send_Cfg   gt9147.o
    0x0800119c   0x0000005c   Code   RO          850    i.GT9147_WR_Reg     gt9147.o
    0x080011f8   0x00000004   Code   RO          395    i.HardFault_Handler  stm32f10x_it.o
    0x080011fc   0x00000060   Code   RO          891    i.LCD_Color_Fill    ili93xx.o
    0x0800125c   0x00000088   Code   RO          894    i.LCD_Display_Dir   ili93xx.o
    0x080012e4   0x00000014   Code   RO          902    i.LCD_RD_DATA       ili93xx.o
    0x080012f8   0x00000016   Code   RO          904    i.LCD_ReadReg       ili93xx.o
    0x0800130e   0x00000002   PAD
    0x08001310   0x000002ec   Code   RO          906    i.LCD_Scan_Dir      ili93xx.o
    0x080015fc   0x00000058   Code   RO          907    i.LCD_SetCursor     ili93xx.o
    0x08001654   0x0000000c   Code   RO          913    i.LCD_WR_DATA       ili93xx.o
    0x08001660   0x0000000c   Code   RO          914    i.LCD_WR_REG        ili93xx.o
    0x0800166c   0x00000014   Code   RO          916    i.LCD_WriteRAM_Prepare  ili93xx.o
    0x08001680   0x00000010   Code   RO          917    i.LCD_WriteReg      ili93xx.o
    0x08001690   0x00000004   Code   RO          396    i.MemManage_Handler  stm32f10x_it.o
    0x08001694   0x00000002   Code   RO          397    i.NMI_Handler       stm32f10x_it.o
    0x08001696   0x00000002   PAD
    0x08001698   0x00000070   Code   RO         1267    i.NVIC_Init         misc.o
    0x08001708   0x00000014   Code   RO         1268    i.NVIC_PriorityGroupConfig  misc.o
    0x0800171c   0x00000020   Code   RO         1445    i.RCC_AHBPeriphClockCmd  stm32f10x_rcc.o
    0x0800173c   0x00000020   Code   RO         1446    i.RCC_APB1PeriphClockCmd  stm32f10x_rcc.o
    0x0800175c   0x00000020   Code   RO         1448    i.RCC_APB2PeriphClockCmd  stm32f10x_rcc.o
    0x0800177c   0x000000d4   Code   RO         1456    i.RCC_GetClocksFreq  stm32f10x_rcc.o
    0x08001850   0x00000008   Code   RO          455    i.SetSysClock       system_stm32f10x.o
    0x08001858   0x000000e0   Code   RO          456    i.SetSysClockTo72   system_stm32f10x.o
    0x08001938   0x00000028   Code   RO         1271    i.SysTick_CLKSourceConfig  misc.o
    0x08001960   0x00000010   Code   RO         1117    i.SysTick_Handler   delay.o
    0x08001970   0x00000060   Code   RO          458    i.SystemInit        system_stm32f10x.o
    0x080019d0   0x000011f4   Code   RO          918    i.TFTLCD_Init       ili93xx.o
    0x08002bc4   0x00000020   Code   RO          501    i.TIM3_IRQHandler   timer.o
    0x08002be4   0x00000060   Code   RO          502    i.TIM3_Int_Init     timer.o
    0x08002c44   0x00000038   Code   RO          503    i.TIM5_IRQHandler   timer.o
    0x08002c7c   0x00000006   Code   RO         1835    i.TIM_ClearITPendingBit  stm32f10x_tim.o
    0x08002c82   0x00000018   Code   RO         1840    i.TIM_Cmd           stm32f10x_tim.o
    0x08002c9a   0x00000022   Code   RO         1861    i.TIM_GetITStatus   stm32f10x_tim.o
    0x08002cbc   0x00000012   Code   RO         1865    i.TIM_ITConfig      stm32f10x_tim.o
    0x08002cce   0x00000002   PAD
    0x08002cd0   0x000000a4   Code   RO         1911    i.TIM_TimeBaseInit  stm32f10x_tim.o
    0x08002d74   0x00000114   Code   RO         1099    i.TP_Init           touch.o
    0x08002e88   0x00000088   Code   RO         1206    i.USART1_IRQHandler  usart.o
    0x08002f10   0x00000018   Code   RO         1648    i.USART_Cmd         stm32f10x_usart.o
    0x08002f28   0x00000054   Code   RO         1652    i.USART_GetITStatus  stm32f10x_usart.o
    0x08002f7c   0x0000004a   Code   RO         1654    i.USART_ITConfig    stm32f10x_usart.o
    0x08002fc6   0x00000002   PAD
    0x08002fc8   0x000000d8   Code   RO         1655    i.USART_Init        stm32f10x_usart.o
    0x080030a0   0x0000000a   Code   RO         1662    i.USART_ReceiveData  stm32f10x_usart.o
    0x080030aa   0x00000004   Code   RO          398    i.UsageFault_Handler  stm32f10x_it.o
    0x080030ae   0x00000004   Code   RO         1207    i._sys_exit         usart.o
    0x080030b2   0x00000002   PAD
    0x080030b4   0x00000090   Code   RO         7712    i.allocate_btn_areas_and_controls  lv_btnm.o
    0x08003144   0x000000b4   Code   RO         6516    i.anim_ready_handler  lv_anim.o
    0x080031f8   0x000000d0   Code   RO         6517    i.anim_task         lv_anim.o
    0x080032c8   0x00000054   Code   RO         5378    i.antialias_get_opa_circ  lv_draw_rect.o
    0x0800331c   0x00000008   Code   RO         7713    i.button_get_tgl_state  lv_btnm.o
    0x08003324   0x00000008   Code   RO         7714    i.button_is_click_trig  lv_btnm.o
    0x0800332c   0x00000008   Code   RO         7715    i.button_is_hidden  lv_btnm.o
    0x08003334   0x00000008   Code   RO         7716    i.button_is_inactive  lv_btnm.o
    0x0800333c   0x00000008   Code   RO         7717    i.button_is_repeat_disabled  lv_btnm.o
    0x08003344   0x00000008   Code   RO         7718    i.button_is_tgl_enabled  lv_btnm.o
    0x0800334c   0x00000074   Code   RO        11004    i.char_is_accepted  lv_ta.o
    0x080033c0   0x000002d4   Code   RO        13720    i.chart_create      demo.o
    0x08003694   0x000000a2   Code   RO        11005    i.cursor_blink_anim  lv_ta.o
    0x08003736   0x00000002   PAD
    0x08003738   0x0000005c   Code   RO         1118    i.delay_init        delay.o
    0x08003794   0x00000040   Code   RO         1119    i.delay_ms          delay.o
    0x080037d4   0x00000048   Code   RO         1120    i.delay_us          delay.o
    0x0800381c   0x000000c8   Code   RO         4102    i.delete_children   lv_obj.o
    0x080038e4   0x0000019c   Code   RO        13721    i.demo_create       demo.o
    0x08003a80   0x00000026   Code   RO        13663    i.disp_flush        lv_port_disp.o
    0x08003aa6   0x00000002   Code   RO        13664    i.disp_init         lv_port_disp.o
    0x08003aa8   0x00000018   Code   RO        10218    i.edge_flash_anim   lv_page.o
    0x08003ac0   0x0000003e   Code   RO        10219    i.edge_flash_anim_end  lv_page.o
    0x08003afe   0x00000030   Code   RO         6987    i.ent_alloc         lv_mem.o
    0x08003b2e   0x00000002   PAD
    0x08003b30   0x00000030   Code   RO         6988    i.ent_get_next      lv_mem.o
    0x08003b60   0x0000004c   Code   RO         6989    i.ent_trunc         lv_mem.o
    0x08003bac   0x000000f6   Code   RO         3619    i.focus_next_core   lv_group.o
    0x08003ca2   0x00000002   PAD
    0x08003ca4   0x0000001c   Code   RO         1208    i.fputc             usart.o
    0x08003cc0   0x00000092   Code   RO         7719    i.get_button_from_point  lv_btnm.o
    0x08003d52   0x00000010   Code   RO         7720    i.get_button_width  lv_btnm.o
    0x08003d62   0x00000070   Code   RO        11006    i.get_cursor_style  lv_ta.o
    0x08003dd2   0x00000002   PAD
    0x08003dd4   0x0000019c   Code   RO         5759    i.get_glyph_dsc_id  lv_font_fmt_txt.o
    0x08003f70   0x000000d8   Code   RO         5760    i.get_kern_value    lv_font_fmt_txt.o
    0x08004048   0x00000050   Code   RO         5280    i.hex_char_to_num   lv_draw_label.o
    0x08004098   0x00000056   Code   RO         3909    i.indev_button_proc  lv_indev.o
    0x080040ee   0x00000002   PAD
    0x080040f0   0x00000218   Code   RO         3910    i.indev_drag        lv_indev.o
    0x08004308   0x000001b0   Code   RO         3911    i.indev_drag_throw  lv_indev.o
    0x080044b8   0x0000037c   Code   RO         3912    i.indev_encoder_proc  lv_indev.o
    0x08004834   0x000002fc   Code   RO         3913    i.indev_keypad_proc  lv_indev.o
    0x08004b30   0x0000005a   Code   RO         3914    i.indev_pointer_proc  lv_indev.o
    0x08004b8a   0x00000002   PAD
    0x08004b8c   0x0000037c   Code   RO         3915    i.indev_proc_press  lv_indev.o
    0x08004f08   0x00000264   Code   RO         3916    i.indev_proc_release  lv_indev.o
    0x0800516c   0x0000005c   Code   RO         3917    i.indev_proc_reset_query_handler  lv_indev.o
    0x080051c8   0x00000020   Code   RO         3918    i.indev_reset_check  lv_indev.o
    0x080051e8   0x00000076   Code   RO         3919    i.indev_search_obj  lv_indev.o
    0x0800525e   0x00000082   Code   RO         7721    i.invalidate_button_area  lv_btnm.o
    0x080052e0   0x00000018   Code   RO        13722    i.kb_hide_anim_end  demo.o
    0x080052f8   0x00000020   Code   RO         5761    i.kern_pair_16_compare  lv_font_fmt_txt.o
    0x08005318   0x00000020   Code   RO         5762    i.kern_pair_8_compare  lv_font_fmt_txt.o
    0x08005338   0x00000090   Code   RO        13723    i.keyboard_event_cb  demo.o
    0x080053c8   0x000000d4   Code   RO         5319    i.line_draw_hor     lv_draw_line.o
    0x0800549c   0x00000e24   Code   RO         5320    i.line_draw_skew    lv_draw_line.o
    0x080062c0   0x000000d2   Code   RO         5321    i.line_draw_ver     lv_draw_line.o
    0x08006392   0x000000d4   Code   RO         5322    i.line_init         lv_draw_line.o
    0x08006466   0x00000068   Code   RO         5323    i.line_next         lv_draw_line.o
    0x080064ce   0x00000022   Code   RO         5324    i.line_next_x       lv_draw_line.o
    0x080064f0   0x00000022   Code   RO         5325    i.line_next_y       lv_draw_line.o
    0x08006512   0x00000002   PAD
    0x08006514   0x0000002c   Code   RO        13724    i.list_btn_event_handler  demo.o
    0x08006540   0x00000270   Code   RO        13725    i.list_create       demo.o
    0x080067b0   0x0000002c   Code   RO         6518    i.lv_anim_core_init  lv_anim.o
    0x080067dc   0x00000058   Code   RO         6520    i.lv_anim_create    lv_anim.o
    0x08006834   0x00000058   Code   RO         6521    i.lv_anim_del       lv_anim.o
    0x0800688c   0x00000034   Code   RO         6527    i.lv_anim_path_linear  lv_anim.o
    0x080068c0   0x00000018   Code   RO         6529    i.lv_anim_path_step  lv_anim.o
    0x080068d8   0x00000030   Code   RO         6530    i.lv_anim_speed_to_time  lv_anim.o
    0x08006908   0x0000000a   Code   RO         4103    i.lv_area_copy      lv_obj.o
    0x08006912   0x0000000a   Code   RO         4733    i.lv_area_copy      lv_refr.o
    0x0800691c   0x0000000a   Code   RO         5379    i.lv_area_copy      lv_draw_rect.o
    0x08006926   0x0000000a   Code   RO         7722    i.lv_area_copy      lv_btnm.o
    0x08006930   0x0000000a   Code   RO         8692    i.lv_area_copy      lv_cont.o
    0x0800693a   0x0000000a   Code   RO        10220    i.lv_area_copy      lv_page.o
    0x08006944   0x0000000a   Code   RO        10728    i.lv_area_copy      lv_slider.o
    0x0800694e   0x0000000a   Code   RO        11007    i.lv_area_copy      lv_ta.o
    0x08006958   0x0000000e   Code   RO         4734    i.lv_area_get_height  lv_refr.o
    0x08006966   0x0000000e   Code   RO         5380    i.lv_area_get_height  lv_draw_rect.o
    0x08006974   0x0000000e   Code   RO         9387    i.lv_area_get_height  lv_label.o
    0x08006982   0x0000000e   Code   RO        10221    i.lv_area_get_height  lv_page.o
    0x08006990   0x0000000e   Code   RO        10729    i.lv_area_get_height  lv_slider.o
    0x0800699e   0x0000000e   Code   RO        11008    i.lv_area_get_height  lv_ta.o
    0x080069ac   0x00000022   Code   RO         6672    i.lv_area_get_size  lv_area.o
    0x080069ce   0x0000000e   Code   RO         4735    i.lv_area_get_width  lv_refr.o
    0x080069dc   0x0000000e   Code   RO         5078    i.lv_area_get_width  lv_draw_basic.o
    0x080069ea   0x0000000e   Code   RO         5188    i.lv_area_get_width  lv_draw_img.o
    0x080069f8   0x0000000e   Code   RO         5281    i.lv_area_get_width  lv_draw_label.o
    0x08006a06   0x0000000e   Code   RO         5381    i.lv_area_get_width  lv_draw_rect.o
    0x08006a14   0x0000000e   Code   RO         7723    i.lv_area_get_width  lv_btnm.o
    0x08006a22   0x0000000e   Code   RO         9388    i.lv_area_get_width  lv_label.o
    0x08006a30   0x0000000e   Code   RO        10222    i.lv_area_get_width  lv_page.o
    0x08006a3e   0x0000000e   Code   RO        10730    i.lv_area_get_width  lv_slider.o
    0x08006a4c   0x0000000e   Code   RO        11009    i.lv_area_get_width  lv_ta.o
    0x08006a5a   0x00000082   Code   RO         6673    i.lv_area_intersect  lv_area.o
    0x08006adc   0x0000003a   Code   RO         6674    i.lv_area_is_in     lv_area.o
    0x08006b16   0x0000003a   Code   RO         6675    i.lv_area_is_on     lv_area.o
    0x08006b50   0x0000003a   Code   RO         6676    i.lv_area_is_point_on  lv_area.o
    0x08006b8a   0x00000064   Code   RO         6677    i.lv_area_join      lv_area.o
    0x08006bee   0x0000000e   Code   RO         6678    i.lv_area_set       lv_area.o
    0x08006bfc   0x0000000c   Code   RO         6679    i.lv_area_set_height  lv_area.o
    0x08006c08   0x0000003a   Code   RO         6680    i.lv_area_set_pos   lv_area.o
    0x08006c42   0x0000000c   Code   RO         6681    i.lv_area_set_width  lv_area.o
    0x08006c4e   0x00000018   Code   RO         7449    i.lv_bar_anim       lv_bar.o
    0x08006c66   0x00000020   Code   RO         7450    i.lv_bar_anim_ready  lv_bar.o
    0x08006c86   0x00000002   PAD
    0x08006c88   0x00000120   Code   RO         7451    i.lv_bar_create     lv_bar.o
    0x08006da8   0x0000032c   Code   RO         7452    i.lv_bar_design     lv_bar.o
    0x080070d4   0x00000012   Code   RO         7454    i.lv_bar_get_max_value  lv_bar.o
    0x080070e6   0x00000012   Code   RO         7455    i.lv_bar_get_min_value  lv_bar.o
    0x080070f8   0x00000034   Code   RO         7456    i.lv_bar_get_style  lv_bar.o
    0x0800712c   0x00000020   Code   RO         7458    i.lv_bar_get_value  lv_bar.o
    0x0800714c   0x00000060   Code   RO         7460    i.lv_bar_set_range  lv_bar.o
    0x080071ac   0x00000034   Code   RO         7461    i.lv_bar_set_style  lv_bar.o
    0x080071e0   0x000000d8   Code   RO         7463    i.lv_bar_set_value  lv_bar.o
    0x080072b8   0x00000078   Code   RO         7464    i.lv_bar_signal     lv_bar.o
    0x08007330   0x0000014c   Code   RO         7595    i.lv_btn_create     lv_btn.o
    0x0800747c   0x00000038   Code   RO         7596    i.lv_btn_design     lv_btn.o
    0x080074b4   0x00000014   Code   RO         7600    i.lv_btn_get_state  lv_btn.o
    0x080074c8   0x00000014   Code   RO         7602    i.lv_btn_get_toggle  lv_btn.o
    0x080074dc   0x0000002e   Code   RO         7606    i.lv_btn_set_state  lv_btn.o
    0x0800750a   0x0000004c   Code   RO         7607    i.lv_btn_set_style  lv_btn.o
    0x08007556   0x00000002   PAD
    0x08007558   0x00000228   Code   RO         7609    i.lv_btn_signal     lv_btn.o
    0x08007780   0x00000036   Code   RO         7724    i.lv_btnm_clear_btn_ctrl  lv_btnm.o
    0x080077b6   0x0000002c   Code   RO         7725    i.lv_btnm_clear_btn_ctrl_all  lv_btnm.o
    0x080077e2   0x00000002   PAD
    0x080077e4   0x00000170   Code   RO         7726    i.lv_btnm_create    lv_btnm.o
    0x08007954   0x0000030c   Code   RO         7727    i.lv_btnm_design    lv_btnm.o
    0x08007c60   0x00000010   Code   RO         7728    i.lv_btnm_get_active_btn  lv_btnm.o
    0x08007c70   0x00000024   Code   RO         7729    i.lv_btnm_get_active_btn_text  lv_btnm.o
    0x08007c94   0x00000030   Code   RO         7730    i.lv_btnm_get_btn_ctrl  lv_btnm.o
    0x08007cc4   0x00000058   Code   RO         7731    i.lv_btnm_get_btn_text  lv_btnm.o
    0x08007d1c   0x00000010   Code   RO         7732    i.lv_btnm_get_map_array  lv_btnm.o
    0x08007d2c   0x0000004a   Code   RO         7736    i.lv_btnm_get_style  lv_btnm.o
    0x08007d76   0x00000036   Code   RO         7737    i.lv_btnm_set_btn_ctrl  lv_btnm.o
    0x08007dac   0x0000002c   Code   RO         7738    i.lv_btnm_set_btn_ctrl_all  lv_btnm.o
    0x08007dd8   0x00000024   Code   RO         7740    i.lv_btnm_set_ctrl_map  lv_btnm.o
    0x08007dfc   0x0000023c   Code   RO         7741    i.lv_btnm_set_map   lv_btnm.o
    0x08008038   0x00000062   Code   RO         7745    i.lv_btnm_set_style  lv_btnm.o
    0x0800809a   0x00000002   PAD
    0x0800809c   0x000004b4   Code   RO         7746    i.lv_btnm_signal    lv_btnm.o
    0x08008550   0x0000008c   Code   RO         8421    i.lv_chart_add_series  lv_chart.o
    0x080085dc   0x00000144   Code   RO         8423    i.lv_chart_create   lv_chart.o
    0x08008720   0x000000d0   Code   RO         8424    i.lv_chart_design   lv_chart.o
    0x080087f0   0x00000190   Code   RO         8425    i.lv_chart_draw_areas  lv_chart.o
    0x08008980   0x00000018   Code   RO         8426    i.lv_chart_draw_axes  lv_chart.o
    0x08008998   0x000001a0   Code   RO         8427    i.lv_chart_draw_cols  lv_chart.o
    0x08008b38   0x00000126   Code   RO         8428    i.lv_chart_draw_div  lv_chart.o
    0x08008c5e   0x00000002   PAD
    0x08008c60   0x00000168   Code   RO         8429    i.lv_chart_draw_lines  lv_chart.o
    0x08008dc8   0x00000180   Code   RO         8430    i.lv_chart_draw_points  lv_chart.o
    0x08008f48   0x00000188   Code   RO         8431    i.lv_chart_draw_vertical_lines  lv_chart.o
    0x080090d0   0x00000268   Code   RO         8432    i.lv_chart_draw_x_ticks  lv_chart.o
    0x08009338   0x00000254   Code   RO         8433    i.lv_chart_draw_y_ticks  lv_chart.o
    0x0800958c   0x00000074   Code   RO         8441    i.lv_chart_inv_cols  lv_chart.o
    0x08009600   0x000000b8   Code   RO         8442    i.lv_chart_inv_lines  lv_chart.o
    0x080096b8   0x00000066   Code   RO         8443    i.lv_chart_inv_points  lv_chart.o
    0x0800971e   0x0000000c   Code   RO         8444    i.lv_chart_refresh  lv_chart.o
    0x0800972a   0x000000b4   Code   RO         8447    i.lv_chart_set_next  lv_chart.o
    0x080097de   0x00000034   Code   RO         8450    i.lv_chart_set_range  lv_chart.o
    0x08009812   0x00000026   Code   RO         8452    i.lv_chart_set_series_opa  lv_chart.o
    0x08009838   0x00000012   Code   RO         8454    i.lv_chart_set_style  lv_chart.o
    0x0800984a   0x00000022   Code   RO         8455    i.lv_chart_set_type  lv_chart.o
    0x0800986c   0x00000098   Code   RO         8461    i.lv_chart_signal   lv_chart.o
    0x08009904   0x00000016   Code   RO         6764    i.lv_circ_cont      lv_circ.o
    0x0800991a   0x00000010   Code   RO         6765    i.lv_circ_init      lv_circ.o
    0x0800992a   0x0000003c   Code   RO         6766    i.lv_circ_next      lv_circ.o
    0x08009966   0x0000001c   Code   RO        13726    i.lv_color_hex      demo.o
    0x08009982   0x00000038   Code   RO        13727    i.lv_color_hex3     demo.o
    0x080099ba   0x00000030   Code   RO         4845    i.lv_color_make     lv_style.o
    0x080099ea   0x00000030   Code   RO        13728    i.lv_color_make     demo.o
    0x08009a1a   0x0000007c   Code   RO         5079    i.lv_color_mix      lv_draw_basic.o
    0x08009a96   0x0000007c   Code   RO         5382    i.lv_color_mix      lv_draw_rect.o
    0x08009b12   0x0000007c   Code   RO         8462    i.lv_color_mix      lv_chart.o
    0x08009b8e   0x00000002   PAD
    0x08009b90   0x000000fc   Code   RO         8693    i.lv_cont_create    lv_cont.o
    0x08009c8c   0x00000014   Code   RO         8695    i.lv_cont_get_fit_left  lv_cont.o
    0x08009ca0   0x00000014   Code   RO         8697    i.lv_cont_get_fit_top  lv_cont.o
    0x08009cb4   0x00000014   Code   RO         8698    i.lv_cont_get_layout  lv_cont.o
    0x08009cc8   0x000000ec   Code   RO         8699    i.lv_cont_layout_center  lv_cont.o
    0x08009db4   0x000000b6   Code   RO         8700    i.lv_cont_layout_col  lv_cont.o
    0x08009e6a   0x0000011a   Code   RO         8701    i.lv_cont_layout_grid  lv_cont.o
    0x08009f84   0x00000244   Code   RO         8702    i.lv_cont_layout_pretty  lv_cont.o
    0x0800a1c8   0x000000b4   Code   RO         8703    i.lv_cont_layout_row  lv_cont.o
    0x0800a27c   0x0000036e   Code   RO         8704    i.lv_cont_refr_autofit  lv_cont.o
    0x0800a5ea   0x0000006a   Code   RO         8705    i.lv_cont_refr_layout  lv_cont.o
    0x0800a654   0x00000018   Code   RO         9764    i.lv_cont_set_fit2  lv_list.o
    0x0800a66c   0x00000018   Code   RO        11532    i.lv_cont_set_fit2  lv_tabview.o
    0x0800a684   0x00000078   Code   RO         8706    i.lv_cont_set_fit4  lv_cont.o
    0x0800a6fc   0x00000030   Code   RO         8707    i.lv_cont_set_layout  lv_cont.o
    0x0800a72c   0x00000012   Code   RO         8708    i.lv_cont_set_style  lv_cont.o
    0x0800a73e   0x00000002   PAD
    0x0800a740   0x000000c0   Code   RO         8709    i.lv_cont_signal    lv_cont.o
    0x0800a800   0x00000022   Code   RO         6203    i.lv_disp_buf_init  lv_hal_disp.o
    0x0800a822   0x00000002   PAD
    0x0800a824   0x00000048   Code   RO         6204    i.lv_disp_drv_init  lv_hal_disp.o
    0x0800a86c   0x000000c8   Code   RO         6205    i.lv_disp_drv_register  lv_hal_disp.o
    0x0800a934   0x0000000e   Code   RO         6207    i.lv_disp_flush_ready  lv_hal_disp.o
    0x0800a942   0x0000001a   Code   RO         6208    i.lv_disp_get_antialiasing  lv_hal_disp.o
    0x0800a95c   0x00000006   Code   RO         6209    i.lv_disp_get_buf   lv_hal_disp.o
    0x0800a962   0x00000002   PAD
    0x0800a964   0x0000000c   Code   RO         6210    i.lv_disp_get_default  lv_hal_disp.o
    0x0800a970   0x00000028   Code   RO         6211    i.lv_disp_get_hor_res  lv_hal_disp.o
    0x0800a998   0x0000000c   Code   RO         6212    i.lv_disp_get_inv_buf_size  lv_hal_disp.o
    0x0800a9a4   0x00000016   Code   RO         3499    i.lv_disp_get_layer_sys  lv_disp.o
    0x0800a9ba   0x00000016   Code   RO         3500    i.lv_disp_get_layer_top  lv_disp.o
    0x0800a9d0   0x00000016   Code   RO         3502    i.lv_disp_get_scr_act  lv_disp.o
    0x0800a9e6   0x00000028   Code   RO         6214    i.lv_disp_get_ver_res  lv_hal_disp.o
    0x0800aa0e   0x00000016   Code   RO         6215    i.lv_disp_is_double_buf  lv_hal_disp.o
    0x0800aa24   0x00000028   Code   RO         6216    i.lv_disp_is_true_double_buf  lv_hal_disp.o
    0x0800aa4c   0x00000024   Code   RO         6217    i.lv_disp_pop_from_inv_buf  lv_hal_disp.o
    0x0800aa70   0x00000160   Code   RO         4736    i.lv_disp_refr_task  lv_refr.o
    0x0800abd0   0x00000034   Code   RO         4920    i.lv_draw_aa_get_opa  lv_draw.o
    0x0800ac04   0x0000005c   Code   RO         4921    i.lv_draw_aa_hor_seg  lv_draw.o
    0x0800ac60   0x0000005c   Code   RO         4922    i.lv_draw_aa_ver_seg  lv_draw.o
    0x0800acbc   0x00000044   Code   RO         5383    i.lv_draw_cont_radius_corr  lv_draw_rect.o
    0x0800ad00   0x0000009c   Code   RO         5080    i.lv_draw_fill      lv_draw_basic.o
    0x0800ad9c   0x00000024   Code   RO         4923    i.lv_draw_free_buf  lv_draw.o
    0x0800adc0   0x0000005c   Code   RO         4924    i.lv_draw_get_buf   lv_draw.o
    0x0800ae1c   0x00000098   Code   RO         5189    i.lv_draw_img       lv_draw_img.o
    0x0800aeb4   0x000004e8   Code   RO         5282    i.lv_draw_label     lv_draw_label.o
    0x0800b39c   0x00000368   Code   RO         5081    i.lv_draw_letter    lv_draw_basic.o
    0x0800b704   0x0000033a   Code   RO         5326    i.lv_draw_line      lv_draw_line.o
    0x0800ba3e   0x00000302   Code   RO         5082    i.lv_draw_map       lv_draw_basic.o
    0x0800bd40   0x000000d6   Code   RO         5083    i.lv_draw_px        lv_draw_basic.o
    0x0800be16   0x00000090   Code   RO         5384    i.lv_draw_rect      lv_draw_rect.o
    0x0800bea6   0x000010b0   Code   RO         5385    i.lv_draw_rect_border_corner  lv_draw_rect.o
    0x0800cf56   0x00000472   Code   RO         5386    i.lv_draw_rect_border_straight  lv_draw_rect.o
    0x0800d3c8   0x00000c28   Code   RO         5387    i.lv_draw_rect_main_corner  lv_draw_rect.o
    0x0800dff0   0x00000164   Code   RO         5388    i.lv_draw_rect_main_mid  lv_draw_rect.o
    0x0800e154   0x000000ae   Code   RO         5389    i.lv_draw_shadow    lv_draw_rect.o
    0x0800e202   0x00000272   Code   RO         5390    i.lv_draw_shadow_bottom  lv_draw_rect.o
    0x0800e474   0x000003e6   Code   RO         5391    i.lv_draw_shadow_full  lv_draw_rect.o
    0x0800e85a   0x000001b2   Code   RO         5392    i.lv_draw_shadow_full_straight  lv_draw_rect.o
    0x0800ea0c   0x000001ba   Code   RO         5487    i.lv_draw_triangle  lv_draw_triangle.o
    0x0800ebc6   0x00000002   PAD
    0x0800ebc8   0x0000000c   Code   RO         4104    i.lv_event_get_data  lv_obj.o
    0x0800ebd4   0x00000020   Code   RO         4105    i.lv_event_mark_deleted  lv_obj.o
    0x0800ebf4   0x00000024   Code   RO         4106    i.lv_event_send     lv_obj.o
    0x0800ec18   0x0000009c   Code   RO         4107    i.lv_event_send_func  lv_obj.o
    0x0800ecb4   0x00000034   Code   RO         5763    i.lv_font_get_bitmap_fmt_txt  lv_font_fmt_txt.o
    0x0800ece8   0x00000010   Code   RO         5716    i.lv_font_get_glyph_bitmap  lv_font.o
    0x0800ecf8   0x0000001e   Code   RO         5717    i.lv_font_get_glyph_dsc  lv_font.o
    0x0800ed16   0x00000084   Code   RO         5764    i.lv_font_get_glyph_dsc_fmt_txt  lv_font_fmt_txt.o
    0x0800ed9a   0x00000026   Code   RO         5718    i.lv_font_get_glyph_width  lv_font.o
    0x0800edc0   0x00000006   Code   RO         9389    i.lv_font_get_line_height  lv_label.o
    0x0800edc6   0x00000006   Code   RO        11010    i.lv_font_get_line_height  lv_ta.o
    0x0800edcc   0x0000006a   Code   RO         3621    i.lv_group_add_obj  lv_group.o
    0x0800ee36   0x00000002   PAD
    0x0800ee38   0x00000018   Code   RO         3625    i.lv_group_focus_next  lv_group.o
    0x0800ee50   0x000000bc   Code   RO         3626    i.lv_group_focus_obj  lv_group.o
    0x0800ef0c   0x00000018   Code   RO         3627    i.lv_group_focus_prev  lv_group.o
    0x0800ef24   0x00000012   Code   RO         3628    i.lv_group_get_click_focus  lv_group.o
    0x0800ef36   0x00000012   Code   RO         3629    i.lv_group_get_editing  lv_group.o
    0x0800ef48   0x00000016   Code   RO         3631    i.lv_group_get_focused  lv_group.o
    0x0800ef5e   0x00000002   PAD
    0x0800ef60   0x00000010   Code   RO         3635    i.lv_group_init     lv_group.o
    0x0800ef70   0x0000003e   Code   RO         3636    i.lv_group_mod_style  lv_group.o
    0x0800efae   0x00000046   Code   RO         3637    i.lv_group_refocus  lv_group.o
    0x0800eff4   0x00000088   Code   RO         3639    i.lv_group_remove_obj  lv_group.o
    0x0800f07c   0x0000003e   Code   RO         3641    i.lv_group_send_data  lv_group.o
    0x0800f0ba   0x0000005c   Code   RO         3643    i.lv_group_set_editing  lv_group.o
    0x0800f116   0x00000002   PAD
    0x0800f118   0x00000068   Code   RO         5521    i.lv_img_cache_invalidate_src  lv_img_cache.o
    0x0800f180   0x00000130   Code   RO         5522    i.lv_img_cache_open  lv_img_cache.o
    0x0800f2b0   0x00000084   Code   RO         5523    i.lv_img_cache_set_size  lv_img_cache.o
    0x0800f334   0x0000004c   Code   RO         5195    i.lv_img_color_format_get_px_size  lv_draw_img.o
    0x0800f380   0x00000038   Code   RO         5196    i.lv_img_color_format_has_alpha  lv_draw_img.o
    0x0800f3b8   0x0000002c   Code   RO         5197    i.lv_img_color_format_is_chroma_keyed  lv_draw_img.o
    0x0800f3e4   0x00000100   Code   RO         9145    i.lv_img_create     lv_img.o
    0x0800f4e4   0x00000020   Code   RO         5563    i.lv_img_decoder_built_in_close  lv_img_decoder.o
    0x0800f504   0x0000007a   Code   RO         5564    i.lv_img_decoder_built_in_info  lv_img_decoder.o
    0x0800f57e   0x00000002   PAD
    0x0800f580   0x000001c4   Code   RO         5565    i.lv_img_decoder_built_in_line_alpha  lv_img_decoder.o
    0x0800f744   0x00000160   Code   RO         5566    i.lv_img_decoder_built_in_line_indexed  lv_img_decoder.o
    0x0800f8a4   0x0000000a   Code   RO         5567    i.lv_img_decoder_built_in_line_true_color  lv_img_decoder.o
    0x0800f8ae   0x00000126   Code   RO         5568    i.lv_img_decoder_built_in_open  lv_img_decoder.o
    0x0800f9d4   0x000000c8   Code   RO         5569    i.lv_img_decoder_built_in_read_line  lv_img_decoder.o
    0x0800fa9c   0x00000018   Code   RO         5570    i.lv_img_decoder_close  lv_img_decoder.o
    0x0800fab4   0x00000028   Code   RO         5571    i.lv_img_decoder_create  lv_img_decoder.o
    0x0800fadc   0x00000050   Code   RO         5573    i.lv_img_decoder_get_info  lv_img_decoder.o
    0x0800fb2c   0x00000054   Code   RO         5574    i.lv_img_decoder_init  lv_img_decoder.o
    0x0800fb80   0x00000084   Code   RO         5575    i.lv_img_decoder_open  lv_img_decoder.o
    0x0800fc04   0x00000034   Code   RO         5576    i.lv_img_decoder_read_line  lv_img_decoder.o
    0x0800fc38   0x00000004   Code   RO         5577    i.lv_img_decoder_set_close_cb  lv_img_decoder.o
    0x0800fc3c   0x00000004   Code   RO         5578    i.lv_img_decoder_set_info_cb  lv_img_decoder.o
    0x0800fc40   0x00000004   Code   RO         5579    i.lv_img_decoder_set_open_cb  lv_img_decoder.o
    0x0800fc44   0x00000004   Code   RO         5580    i.lv_img_decoder_set_read_line_cb  lv_img_decoder.o
    0x0800fc48   0x0000019c   Code   RO         9146    i.lv_img_design     lv_img.o
    0x0800fde4   0x00000184   Code   RO         5198    i.lv_img_draw_core  lv_draw_img.o
    0x0800ff68   0x00000014   Code   RO         9147    i.lv_img_get_auto_size  lv_img.o
    0x0800ff7c   0x00000010   Code   RO         9151    i.lv_img_get_src    lv_img.o
    0x0800ff8c   0x0000014a   Code   RO         9155    i.lv_img_set_src    lv_img.o
    0x080100d6   0x00000002   PAD
    0x080100d8   0x000000a4   Code   RO         9156    i.lv_img_signal     lv_img.o
    0x0801017c   0x0000002a   Code   RO         5199    i.lv_img_src_get_type  lv_draw_img.o
    0x080101a6   0x00000024   Code   RO         6386    i.lv_indev_drv_init  lv_hal_indev.o
    0x080101ca   0x00000002   PAD
    0x080101cc   0x0000006c   Code   RO         6387    i.lv_indev_drv_register  lv_hal_indev.o
    0x08010238   0x0000000c   Code   RO         3921    i.lv_indev_get_act  lv_indev.o
    0x08010244   0x0000001c   Code   RO         6389    i.lv_indev_get_next  lv_hal_indev.o
    0x08010260   0x0000000c   Code   RO         3923    i.lv_indev_get_obj_act  lv_indev.o
    0x0801026c   0x00000020   Code   RO         3924    i.lv_indev_get_point  lv_indev.o
    0x0801028c   0x0000000c   Code   RO         3926    i.lv_indev_get_type  lv_indev.o
    0x08010298   0x0000002a   Code   RO         3927    i.lv_indev_get_vect  lv_indev.o
    0x080102c2   0x0000000a   Code   RO         3928    i.lv_indev_init     lv_indev.o
    0x080102cc   0x00000022   Code   RO         3929    i.lv_indev_is_dragging  lv_indev.o
    0x080102ee   0x0000003e   Code   RO         6390    i.lv_indev_read     lv_hal_indev.o
    0x0801032c   0x00000104   Code   RO         3930    i.lv_indev_read_task  lv_indev.o
    0x08010430   0x0000003e   Code   RO         3931    i.lv_indev_reset    lv_indev.o
    0x0801046e   0x0000001e   Code   RO         3932    i.lv_indev_reset_long_press  lv_indev.o
    0x0801048c   0x00000058   Code   RO         4108    i.lv_init           lv_obj.o
    0x080104e4   0x000000de   Code   RO         4737    i.lv_inv_area       lv_refr.o
    0x080105c2   0x00000002   PAD
    0x080105c4   0x0000014c   Code   RO         9300    i.lv_kb_create      lv_kb.o
    0x08010710   0x00000250   Code   RO         9301    i.lv_kb_def_event_cb  lv_kb.o
    0x08010960   0x00000062   Code   RO         9308    i.lv_kb_set_style   lv_kb.o
    0x080109c2   0x00000056   Code   RO         9309    i.lv_kb_set_ta      lv_kb.o
    0x08010a18   0x000000bc   Code   RO         9310    i.lv_kb_signal      lv_kb.o
    0x08010ad4   0x000001d4   Code   RO         9390    i.lv_label_create   lv_label.o
    0x08010ca8   0x00000260   Code   RO         9392    i.lv_label_design   lv_label.o
    0x08010f08   0x0000002c   Code   RO         9393    i.lv_label_dot_tmp_free  lv_label.o
    0x08010f34   0x00000014   Code   RO         9394    i.lv_label_get_align  lv_label.o
    0x08010f48   0x00000014   Code   RO         9396    i.lv_label_get_body_draw  lv_label.o
    0x08010f5c   0x0000001c   Code   RO         9397    i.lv_label_get_dot_tmp  lv_label.o
    0x08010f78   0x00000194   Code   RO         9398    i.lv_label_get_letter_on  lv_label.o
    0x0801110c   0x0000019c   Code   RO         9399    i.lv_label_get_letter_pos  lv_label.o
    0x080112a8   0x00000014   Code   RO         9400    i.lv_label_get_long_mode  lv_label.o
    0x080112bc   0x00000014   Code   RO         9401    i.lv_label_get_recolor  lv_label.o
    0x080112d0   0x00000010   Code   RO         9402    i.lv_label_get_text  lv_label.o
    0x080112e0   0x00000008   Code   RO         9403    i.lv_label_get_text_sel_end  lv_label.o
    0x080112e8   0x00000008   Code   RO         9404    i.lv_label_get_text_sel_start  lv_label.o
    0x080112f0   0x0000007c   Code   RO         9405    i.lv_label_ins_text  lv_label.o
    0x0801136c   0x000003f0   Code   RO         9407    i.lv_label_refr_text  lv_label.o
    0x0801175c   0x00000078   Code   RO         9408    i.lv_label_revert_dots  lv_label.o
    0x080117d4   0x0000002c   Code   RO         9409    i.lv_label_set_align  lv_label.o
    0x08011800   0x00000032   Code   RO         9412    i.lv_label_set_body_draw  lv_label.o
    0x08011832   0x00000060   Code   RO         9413    i.lv_label_set_dot_tmp  lv_label.o
    0x08011892   0x00000002   PAD
    0x08011894   0x00000090   Code   RO         9414    i.lv_label_set_long_mode  lv_label.o
    0x08011924   0x00000018   Code   RO         9415    i.lv_label_set_offset_x  lv_label.o
    0x0801193c   0x00000018   Code   RO         9416    i.lv_label_set_offset_y  lv_label.o
    0x08011954   0x0000002c   Code   RO         9417    i.lv_label_set_recolor  lv_label.o
    0x08011980   0x0000003a   Code   RO         9418    i.lv_label_set_static_text  lv_label.o
    0x080119ba   0x00000098   Code   RO         9419    i.lv_label_set_text  lv_label.o
    0x08011a52   0x00000002   PAD
    0x08011a54   0x00000148   Code   RO         9422    i.lv_label_signal   lv_label.o
    0x08011b9c   0x0000016c   Code   RO         9765    i.lv_list_add_btn   lv_list.o
    0x08011d08   0x00000134   Code   RO         9766    i.lv_list_btn_signal  lv_list.o
    0x08011e3c   0x00000048   Code   RO         9767    i.lv_list_btn_single_select  lv_list.o
    0x08011e84   0x00000204   Code   RO         9769    i.lv_list_create    lv_list.o
    0x08012088   0x0000000c   Code   RO         9772    i.lv_list_get_anim_time  lv_list.o
    0x08012094   0x00000034   Code   RO         9773    i.lv_list_get_btn_img  lv_list.o
    0x080120c8   0x00000034   Code   RO         9775    i.lv_list_get_btn_label  lv_list.o
    0x080120fc   0x00000010   Code   RO         9776    i.lv_list_get_btn_selected  lv_list.o
    0x0801210c   0x00000020   Code   RO         9777    i.lv_list_get_btn_text  lv_list.o
    0x0801212c   0x00000042   Code   RO         9778    i.lv_list_get_next_btn  lv_list.o
    0x0801216e   0x00000042   Code   RO         9779    i.lv_list_get_prev_btn  lv_list.o
    0x080121b0   0x00000048   Code   RO         9783    i.lv_list_is_list_btn  lv_list.o
    0x080121f8   0x00000048   Code   RO         9784    i.lv_list_is_list_img  lv_list.o
    0x08012240   0x0000004c   Code   RO         9785    i.lv_list_is_list_label  lv_list.o
    0x0801228c   0x0000007c   Code   RO         9787    i.lv_list_set_btn_selected  lv_list.o
    0x08012308   0x000000c4   Code   RO         9789    i.lv_list_set_style  lv_list.o
    0x080123cc   0x000002c4   Code   RO         9790    i.lv_list_signal    lv_list.o
    0x08012690   0x00000070   Code   RO         6855    i.lv_ll_chg_list    lv_ll.o
    0x08012700   0x00000030   Code   RO         6856    i.lv_ll_clear       lv_ll.o
    0x08012730   0x0000000a   Code   RO         6857    i.lv_ll_get_head    lv_ll.o
    0x0801273a   0x00000016   Code   RO         6859    i.lv_ll_get_next    lv_ll.o
    0x08012750   0x00000014   Code   RO         6860    i.lv_ll_get_prev    lv_ll.o
    0x08012764   0x0000000a   Code   RO         6861    i.lv_ll_get_tail    lv_ll.o
    0x0801276e   0x00000016   Code   RO         6862    i.lv_ll_init        lv_ll.o
    0x08012784   0x00000040   Code   RO         6863    i.lv_ll_ins_head    lv_ll.o
    0x080127c4   0x00000072   Code   RO         6864    i.lv_ll_ins_prev    lv_ll.o
    0x08012836   0x00000046   Code   RO         6865    i.lv_ll_ins_tail    lv_ll.o
    0x0801287c   0x00000018   Code   RO         6866    i.lv_ll_is_empty    lv_ll.o
    0x08012894   0x0000006a   Code   RO         6867    i.lv_ll_move_before  lv_ll.o
    0x080128fe   0x0000008a   Code   RO         6868    i.lv_ll_rem         lv_ll.o
    0x08012988   0x00000084   Code   RO        10057    i.lv_mbox_add_btns  lv_mbox.o
    0x08012a0c   0x00000046   Code   RO        10058    i.lv_mbox_btnm_event_cb  lv_mbox.o
    0x08012a52   0x0000000c   Code   RO        10059    i.lv_mbox_close_ready_cb  lv_mbox.o
    0x08012a5e   0x00000002   PAD
    0x08012a60   0x00000128   Code   RO        10060    i.lv_mbox_create    lv_mbox.o
    0x08012b88   0x0000002a   Code   RO        10061    i.lv_mbox_default_event_cb  lv_mbox.o
    0x08012bb2   0x0000001e   Code   RO        10062    i.lv_mbox_get_active_btn  lv_mbox.o
    0x08012bd0   0x00000010   Code   RO        10064    i.lv_mbox_get_anim_time  lv_mbox.o
    0x08012be0   0x00000080   Code   RO        10067    i.lv_mbox_get_style  lv_mbox.o
    0x08012c60   0x00000080   Code   RO        10071    i.lv_mbox_set_style  lv_mbox.o
    0x08012ce0   0x0000001e   Code   RO        10072    i.lv_mbox_set_text  lv_mbox.o
    0x08012cfe   0x00000002   PAD
    0x08012d00   0x00000138   Code   RO        10073    i.lv_mbox_signal    lv_mbox.o
    0x08012e38   0x000000f8   Code   RO        10074    i.lv_mbox_start_auto_close  lv_mbox.o
    0x08012f30   0x0000004c   Code   RO         6990    i.lv_mem_alloc      lv_mem.o
    0x08012f7c   0x00000074   Code   RO         6992    i.lv_mem_free       lv_mem.o
    0x08012ff0   0x00000020   Code   RO         6993    i.lv_mem_get_size   lv_mem.o
    0x08013010   0x00000028   Code   RO         6994    i.lv_mem_init       lv_mem.o
    0x08013038   0x0000006c   Code   RO         6996    i.lv_mem_realloc    lv_mem.o
    0x080130a4   0x000003b2   Code   RO         4109    i.lv_obj_align      lv_obj.o
    0x08013456   0x000002f8   Code   RO         4110    i.lv_obj_align_origo  lv_obj.o
    0x0801374e   0x00000014   Code   RO         4111    i.lv_obj_allocate_ext_attr  lv_obj.o
    0x08013762   0x00000010   Code   RO         4113    i.lv_obj_clear_protect  lv_obj.o
    0x08013772   0x00000002   PAD
    0x08013774   0x000002f4   Code   RO         4116    i.lv_obj_create     lv_obj.o
    0x08013a68   0x000000f0   Code   RO         4117    i.lv_obj_del        lv_obj.o
    0x08013b58   0x000000c6   Code   RO         4120    i.lv_obj_design     lv_obj.o
    0x08013c1e   0x0000000c   Code   RO         4121    i.lv_obj_get_auto_realign  lv_obj.o
    0x08013c2a   0x00000022   Code   RO         4122    i.lv_obj_get_child  lv_obj.o
    0x08013c4c   0x00000022   Code   RO         4123    i.lv_obj_get_child_back  lv_obj.o
    0x08013c6e   0x0000000c   Code   RO         4124    i.lv_obj_get_click  lv_obj.o
    0x08013c7a   0x00000012   Code   RO         4125    i.lv_obj_get_coords  lv_obj.o
    0x08013c8c   0x00000006   Code   RO         4126    i.lv_obj_get_design_cb  lv_obj.o
    0x08013c92   0x00000002   PAD
    0x08013c94   0x0000005c   Code   RO         4127    i.lv_obj_get_disp   lv_obj.o
    0x08013cf0   0x0000000c   Code   RO         4128    i.lv_obj_get_drag   lv_obj.o
    0x08013cfc   0x0000000c   Code   RO         4129    i.lv_obj_get_drag_dir  lv_obj.o
    0x08013d08   0x0000000c   Code   RO         4130    i.lv_obj_get_drag_parent  lv_obj.o
    0x08013d14   0x0000000c   Code   RO         4131    i.lv_obj_get_drag_throw  lv_obj.o
    0x08013d20   0x00000006   Code   RO         4133    i.lv_obj_get_ext_attr  lv_obj.o
    0x08013d26   0x00000006   Code   RO         4139    i.lv_obj_get_group  lv_obj.o
    0x08013d2c   0x00000010   Code   RO         4140    i.lv_obj_get_height  lv_obj.o
    0x08013d3c   0x0000001e   Code   RO         4141    i.lv_obj_get_height_fit  lv_obj.o
    0x08013d5a   0x0000000c   Code   RO         4142    i.lv_obj_get_hidden  lv_obj.o
    0x08013d66   0x00000028   Code   RO         4144    i.lv_obj_get_opa_scale  lv_obj.o
    0x08013d8e   0x00000006   Code   RO         4146    i.lv_obj_get_parent  lv_obj.o
    0x08013d94   0x0000001a   Code   RO         4149    i.lv_obj_get_screen  lv_obj.o
    0x08013dae   0x00000006   Code   RO         4150    i.lv_obj_get_signal_cb  lv_obj.o
    0x08013db4   0x00000070   Code   RO         4151    i.lv_obj_get_style  lv_obj.o
    0x08013e24   0x00000058   Code   RO         4153    i.lv_obj_get_type   lv_obj.o
    0x08013e7c   0x00000010   Code   RO         4154    i.lv_obj_get_width  lv_obj.o
    0x08013e8c   0x00000020   Code   RO         4155    i.lv_obj_get_width_fit  lv_obj.o
    0x08013eac   0x00000018   Code   RO         4156    i.lv_obj_get_x      lv_obj.o
    0x08013ec4   0x00000018   Code   RO         4157    i.lv_obj_get_y      lv_obj.o
    0x08013edc   0x000000ce   Code   RO         4158    i.lv_obj_invalidate  lv_obj.o
    0x08013faa   0x0000001a   Code   RO         4159    i.lv_obj_is_focused  lv_obj.o
    0x08013fc4   0x00000012   Code   RO         4160    i.lv_obj_is_protected  lv_obj.o
    0x08013fd6   0x0000003e   Code   RO         4162    i.lv_obj_move_foreground  lv_obj.o
    0x08014014   0x0000003e   Code   RO         4163    i.lv_obj_realign    lv_obj.o
    0x08014052   0x0000001a   Code   RO         4164    i.lv_obj_refresh_ext_draw_pad  lv_obj.o
    0x0801406c   0x0000001c   Code   RO         4165    i.lv_obj_refresh_style  lv_obj.o
    0x08014088   0x00000012   Code   RO         4168    i.lv_obj_set_click  lv_obj.o
    0x0801409a   0x00000004   Code   RO         4169    i.lv_obj_set_design_cb  lv_obj.o
    0x0801409e   0x00000022   Code   RO         4170    i.lv_obj_set_drag   lv_obj.o
    0x080140c0   0x00000012   Code   RO         4172    i.lv_obj_set_drag_parent  lv_obj.o
    0x080140d2   0x00000012   Code   RO         4173    i.lv_obj_set_drag_throw  lv_obj.o
    0x080140e4   0x00000004   Code   RO         4174    i.lv_obj_set_event_cb  lv_obj.o
    0x080140e8   0x0000001a   Code   RO         4176    i.lv_obj_set_height  lv_obj.o
    0x08014102   0x00000044   Code   RO         4177    i.lv_obj_set_hidden  lv_obj.o
    0x08014146   0x00000068   Code   RO         4180    i.lv_obj_set_parent  lv_obj.o
    0x080141ae   0x000000a2   Code   RO         4182    i.lv_obj_set_pos    lv_obj.o
    0x08014250   0x0000000c   Code   RO         4183    i.lv_obj_set_protect  lv_obj.o
    0x0801425c   0x00000004   Code   RO         4184    i.lv_obj_set_signal_cb  lv_obj.o
    0x08014260   0x0000009e   Code   RO         4185    i.lv_obj_set_size   lv_obj.o
    0x080142fe   0x00000016   Code   RO         4186    i.lv_obj_set_style  lv_obj.o
    0x08014314   0x0000001a   Code   RO         4188    i.lv_obj_set_width  lv_obj.o
    0x0801432e   0x0000001a   Code   RO         4189    i.lv_obj_set_x      lv_obj.o
    0x08014348   0x0000001a   Code   RO         4190    i.lv_obj_set_y      lv_obj.o
    0x08014362   0x00000002   PAD
    0x08014364   0x00000068   Code   RO         4191    i.lv_obj_signal     lv_obj.o
    0x080143cc   0x00000258   Code   RO        10224    i.lv_page_create    lv_page.o
    0x08014624   0x000002d0   Code   RO        10225    i.lv_page_design    lv_page.o
    0x080148f4   0x0000021c   Code   RO        10226    i.lv_page_focus     lv_page.o
    0x08014b10   0x00000010   Code   RO        10227    i.lv_page_get_anim_time  lv_page.o
    0x08014b20   0x00000016   Code   RO        10228    i.lv_page_get_edge_flash  lv_page.o
    0x08014b36   0x00000034   Code   RO        10230    i.lv_page_get_fit_width  lv_page.o
    0x08014b6a   0x00000010   Code   RO        10232    i.lv_page_get_scrl  lv_page.o
    0x08014b7a   0x00000012   Code   RO        10233    i.lv_page_get_scrl_width  lv_page.o
    0x08014b8c   0x0000004a   Code   RO        10235    i.lv_page_get_style  lv_page.o
    0x08014bd6   0x00000018   Code   RO        10236    i.lv_page_glue_obj  lv_page.o
    0x08014bee   0x000000a0   Code   RO        10237    i.lv_page_on_edge   lv_page.o
    0x08014c8e   0x00000410   Code   RO        10238    i.lv_page_sb_refresh  lv_page.o
    0x0801509e   0x00000002   PAD
    0x080150a0   0x0000006c   Code   RO        10239    i.lv_page_scroll_hor  lv_page.o
    0x0801510c   0x0000006c   Code   RO        10240    i.lv_page_scroll_ver  lv_page.o
    0x08015178   0x00000506   Code   RO        10241    i.lv_page_scrollable_signal  lv_page.o
    0x0801567e   0x00000012   Code   RO        10242    i.lv_page_set_anim_time  lv_page.o
    0x08015690   0x0000001c   Code   RO        10243    i.lv_page_set_edge_flash  lv_page.o
    0x080156ac   0x0000007c   Code   RO        10244    i.lv_page_set_sb_mode  lv_page.o
    0x08015728   0x00000022   Code   RO        11011    i.lv_page_set_scrl_fit2  lv_ta.o
    0x0801574a   0x00000072   Code   RO        10246    i.lv_page_set_style  lv_page.o
    0x080157bc   0x000002ec   Code   RO        10247    i.lv_page_signal    lv_page.o
    0x08015aa8   0x0000007c   Code   RO        10248    i.lv_page_start_edge_flash  lv_page.o
    0x08015b24   0x00000054   Code   RO        13665    i.lv_port_disp_init  lv_port_disp.o
    0x08015b78   0x00000024   Code   RO        13686    i.lv_port_indev_init  lv_port_indev.o
    0x08015b9c   0x00000158   Code   RO         4738    i.lv_refr_area      lv_refr.o
    0x08015cf4   0x00000084   Code   RO         4739    i.lv_refr_area_part  lv_refr.o
    0x08015d78   0x00000064   Code   RO         4740    i.lv_refr_areas     lv_refr.o
    0x08015ddc   0x0000000c   Code   RO         4741    i.lv_refr_get_disp_refreshing  lv_refr.o
    0x08015de8   0x0000007e   Code   RO         4742    i.lv_refr_get_top_obj  lv_refr.o
    0x08015e66   0x00000002   Code   RO         4743    i.lv_refr_init      lv_refr.o
    0x08015e68   0x000000dc   Code   RO         4744    i.lv_refr_join_area  lv_refr.o
    0x08015f44   0x00000100   Code   RO         4746    i.lv_refr_obj       lv_refr.o
    0x08016044   0x0000006c   Code   RO         4747    i.lv_refr_obj_and_children  lv_refr.o
    0x080160b0   0x00000064   Code   RO         4749    i.lv_refr_vdb_flush  lv_refr.o
    0x08016114   0x000000a8   Code   RO        10249    i.lv_scrl_design    lv_page.o
    0x080161bc   0x000000f0   Code   RO        10731    i.lv_slider_create  lv_slider.o
    0x080162ac   0x00000532   Code   RO        10732    i.lv_slider_design  lv_slider.o
    0x080167de   0x00000046   Code   RO        10734    i.lv_slider_get_style  lv_slider.o
    0x08016824   0x00000024   Code   RO        10735    i.lv_slider_get_value  lv_slider.o
    0x08016848   0x00000046   Code   RO        10738    i.lv_slider_set_style  lv_slider.o
    0x0801688e   0x00000014   Code   RO        10739    i.lv_slider_set_value  lv_slider.o
    0x080168a2   0x00000002   PAD
    0x080168a4   0x00000370   Code   RO        10740    i.lv_slider_signal  lv_slider.o
    0x08016c14   0x00000012   Code   RO         4849    i.lv_style_copy     lv_style.o
    0x08016c26   0x00000002   PAD
    0x08016c28   0x00000558   Code   RO         4850    i.lv_style_init     lv_style.o
    0x08017180   0x00000180   Code   RO        11012    i.lv_ta_add_char    lv_ta.o
    0x08017300   0x000001a8   Code   RO        11013    i.lv_ta_add_text    lv_ta.o
    0x080174a8   0x00000002   Code   RO        11014    i.lv_ta_clear_selection  lv_ta.o
    0x080174aa   0x00000002   PAD
    0x080174ac   0x00000310   Code   RO        11015    i.lv_ta_create      lv_ta.o
    0x080177bc   0x0000007c   Code   RO        11016    i.lv_ta_cursor_down  lv_ta.o
    0x08017838   0x0000001e   Code   RO        11017    i.lv_ta_cursor_left  lv_ta.o
    0x08017856   0x0000001a   Code   RO        11018    i.lv_ta_cursor_right  lv_ta.o
    0x08017870   0x0000006c   Code   RO        11019    i.lv_ta_cursor_up   lv_ta.o
    0x080178dc   0x00000120   Code   RO        11020    i.lv_ta_del_char    lv_ta.o
    0x080179fc   0x00000028   Code   RO        11021    i.lv_ta_del_char_forward  lv_ta.o
    0x08017a24   0x00000044   Code   RO        11022    i.lv_ta_design      lv_ta.o
    0x08017a68   0x00000010   Code   RO        11023    i.lv_ta_get_accepted_chars  lv_ta.o
    0x08017a78   0x00000012   Code   RO        11026    i.lv_ta_get_cursor_pos  lv_ta.o
    0x08017a8a   0x00000016   Code   RO        11027    i.lv_ta_get_cursor_type  lv_ta.o
    0x08017aa0   0x0000000c   Code   RO        11028    i.lv_ta_get_edge_flash  lv_ta.o
    0x08017aac   0x00000012   Code   RO        11030    i.lv_ta_get_max_length  lv_ta.o
    0x08017abe   0x0000006a   Code   RO        11035    i.lv_ta_get_style   lv_ta.o
    0x08017b28   0x00000026   Code   RO        11036    i.lv_ta_get_text    lv_ta.o
    0x08017b4e   0x00000002   PAD
    0x08017b50   0x000001c0   Code   RO        11038    i.lv_ta_scrollable_design  lv_ta.o
    0x08017d10   0x000000f0   Code   RO        11039    i.lv_ta_scrollable_signal  lv_ta.o
    0x08017e00   0x000001bc   Code   RO        11043    i.lv_ta_set_cursor_pos  lv_ta.o
    0x08017fbc   0x00000032   Code   RO        11044    i.lv_ta_set_cursor_type  lv_ta.o
    0x08017fee   0x00000010   Code   RO        11045    i.lv_ta_set_edge_flash  lv_ta.o
    0x08017ffe   0x00000108   Code   RO        11048    i.lv_ta_set_one_line  lv_ta.o
    0x08018106   0x00000074   Code   RO        11052    i.lv_ta_set_style   lv_ta.o
    0x0801817a   0x00000002   PAD
    0x0801817c   0x00000158   Code   RO        11053    i.lv_ta_set_text    lv_ta.o
    0x080182d4   0x00000002   Code   RO        11055    i.lv_ta_set_text_sel  lv_ta.o
    0x080182d6   0x00000002   PAD
    0x080182d8   0x000002f8   Code   RO        11056    i.lv_ta_signal      lv_ta.o
    0x080185d0   0x00000294   Code   RO        11533    i.lv_tabview_add_tab  lv_tabview.o
    0x08018864   0x00000300   Code   RO        11535    i.lv_tabview_create  lv_tabview.o
    0x08018b64   0x00000010   Code   RO        11536    i.lv_tabview_get_anim_time  lv_tabview.o
    0x08018b74   0x00000014   Code   RO        11539    i.lv_tabview_get_sliding  lv_tabview.o
    0x08018b88   0x00000074   Code   RO        11540    i.lv_tabview_get_style  lv_tabview.o
    0x08018bfc   0x00000040   Code   RO        11541    i.lv_tabview_get_tab  lv_tabview.o
    0x08018c3c   0x00000010   Code   RO        11542    i.lv_tabview_get_tab_act  lv_tabview.o
    0x08018c4c   0x000000be   Code   RO        11548    i.lv_tabview_set_style  lv_tabview.o
    0x08018d0a   0x00000002   PAD
    0x08018d0c   0x00000260   Code   RO        11549    i.lv_tabview_set_tab_act  lv_tabview.o
    0x08018f6c   0x00000184   Code   RO        11550    i.lv_tabview_signal  lv_tabview.o
    0x080190f0   0x00000018   Code   RO         7053    i.lv_task_core_init  lv_task.o
    0x08019108   0x0000003e   Code   RO         7054    i.lv_task_create    lv_task.o
    0x08019146   0x00000002   PAD
    0x08019148   0x000000a4   Code   RO         7055    i.lv_task_create_basic  lv_task.o
    0x080191ec   0x00000030   Code   RO         7056    i.lv_task_del       lv_task.o
    0x0801921c   0x0000000c   Code   RO         7057    i.lv_task_enable    lv_task.o
    0x08019228   0x00000050   Code   RO         7058    i.lv_task_exec      lv_task.o
    0x08019278   0x00000174   Code   RO         7060    i.lv_task_handler   lv_task.o
    0x080193ec   0x00000012   Code   RO         7062    i.lv_task_ready     lv_task.o
    0x080193fe   0x00000004   Code   RO         7064    i.lv_task_set_cb    lv_task.o
    0x08019402   0x00000004   Code   RO         7065    i.lv_task_set_period  lv_task.o
    0x08019406   0x00000002   PAD
    0x08019408   0x00000064   Code   RO         7066    i.lv_task_set_prio  lv_task.o
    0x0801946c   0x00000018   Code   RO        12007    i.lv_theme_get_current  lv_theme.o
    0x08019484   0x0000001a   Code   RO         6484    i.lv_tick_elaps     lv_hal_tick.o
    0x0801949e   0x00000002   PAD
    0x080194a0   0x00000020   Code   RO         6485    i.lv_tick_get       lv_hal_tick.o
    0x080194c0   0x0000001c   Code   RO         6486    i.lv_tick_inc       lv_hal_tick.o
    0x080194dc   0x00000048   Code   RO         7153    i.lv_txt_cut        lv_txt.o
    0x08019524   0x00000120   Code   RO         7154    i.lv_txt_get_next_line  lv_txt.o
    0x08019644   0x000000cc   Code   RO         7155    i.lv_txt_get_size   lv_txt.o
    0x08019710   0x00000090   Code   RO         7156    i.lv_txt_get_width  lv_txt.o
    0x080197a0   0x00000050   Code   RO         7157    i.lv_txt_ins        lv_txt.o
    0x080197f0   0x00000048   Code   RO         7158    i.lv_txt_is_cmd     lv_txt.o
    0x08019838   0x000000a4   Code   RO         7159    i.lv_txt_unicode_to_utf8  lv_txt.o
    0x080198dc   0x0000003e   Code   RO         7160    i.lv_txt_utf8_conv_wc  lv_txt.o
    0x0801991a   0x00000002   PAD
    0x0801991c   0x00000028   Code   RO         7161    i.lv_txt_utf8_get_byte_id  lv_txt.o
    0x08019944   0x00000028   Code   RO         7162    i.lv_txt_utf8_get_char_id  lv_txt.o
    0x0801996c   0x00000028   Code   RO         7163    i.lv_txt_utf8_get_length  lv_txt.o
    0x08019994   0x00000148   Code   RO         7164    i.lv_txt_utf8_next  lv_txt.o
    0x08019adc   0x00000060   Code   RO         7165    i.lv_txt_utf8_prev  lv_txt.o
    0x08019b3c   0x0000003c   Code   RO         7166    i.lv_txt_utf8_size  lv_txt.o
    0x08019b78   0x00000054   Code   RO         7248    i.lv_utils_bsearch  lv_utils.o
    0x08019bcc   0x0000004c   Code   RO            2    i.main              main.o
    0x08019c18   0x00000028   Code   RO         7747    i.make_one_button_toggled  lv_btnm.o
    0x08019c40   0x00000062   Code   RO         7748    i.maps_are_identical  lv_btnm.o
    0x08019ca2   0x00000078   Code   RO        10076    i.mbox_realign      lv_mbox.o
    0x08019d1a   0x00000030   Code   RO         6870    i.node_set_next     lv_ll.o
    0x08019d4a   0x0000002c   Code   RO         6871    i.node_set_prev     lv_ll.o
    0x08019d76   0x0000002c   Code   RO         3649    i.obj_to_foreground  lv_group.o
    0x08019da2   0x00000074   Code   RO        11058    i.placeholder_update  lv_ta.o
    0x08019e16   0x00000024   Code   RO         5488    i.point_swap        lv_draw_triangle.o
    0x08019e3a   0x00000002   PAD
    0x08019e3c   0x00000098   Code   RO         2881    i.prvAddCurrentTaskToDelayedList  tasks.o
    0x08019ed4   0x00000034   Code   RO         2889    i.prvResetNextTaskUnblockTime  tasks.o
    0x08019f08   0x00000060   Code   RO        11059    i.pwd_char_hider    lv_ta.o
    0x08019f68   0x00000002   Code   RO        11060    i.pwd_char_hider_anim  lv_ta.o
    0x08019f6a   0x0000000e   Code   RO        11061    i.pwd_char_hider_anim_ready  lv_ta.o
    0x08019f78   0x00000354   Code   RO        11062    i.refr_cursor_area  lv_ta.o
    0x0801a2cc   0x00000050   Code   RO         4193    i.refresh_children_position  lv_obj.o
    0x0801a31c   0x00000042   Code   RO         4194    i.refresh_children_style  lv_obj.o
    0x0801a35e   0x0000004e   Code   RO        10250    i.scrl_def_event_cb  lv_page.o
    0x0801a3ac   0x00000034   Code   RO        13729    i.slider_event_handler  demo.o
    0x0801a3e0   0x00000148   Code   RO         5084    i.sw_color_fill     lv_draw_basic.o
    0x0801a528   0x00000050   Code   RO         5085    i.sw_mem_blend      lv_draw_basic.o
    0x0801a578   0x00000074   Code   RO        11551    i.tab_btnm_event_cb  lv_tabview.o
    0x0801a5ec   0x00000106   Code   RO        11552    i.tabpage_press_lost_handler  lv_tabview.o
    0x0801a6f2   0x00000024   Code   RO        11553    i.tabpage_pressed_handler  lv_tabview.o
    0x0801a716   0x000001b8   Code   RO        11554    i.tabpage_pressing_handler  lv_tabview.o
    0x0801a8ce   0x00000002   PAD
    0x0801a8d0   0x0000007c   Code   RO        11555    i.tabpage_scrl_signal  lv_tabview.o
    0x0801a94c   0x00000074   Code   RO        11556    i.tabpage_signal    lv_tabview.o
    0x0801a9c0   0x0000062c   Code   RO        11557    i.tabview_realign   lv_tabview.o
    0x0801afec   0x00000128   Code   RO        13730    i.text_area_event_handler  demo.o
    0x0801b114   0x00000060   Code   RO        13687    i.touchpad_read     lv_port_indev.o
    0x0801b174   0x00000458   Code   RO         5489    i.tri_draw_flat     lv_draw_triangle.o
    0x0801b5cc   0x000003a0   Code   RO         5490    i.tri_draw_tall     lv_draw_triangle.o
    0x0801b96c   0x000000a0   Code   RO         1209    i.uart_init         usart.o
    0x0801ba0c   0x0000000a   Code   RO         5765    i.unicode_list_compare  lv_font_fmt_txt.o
    0x0801ba16   0x000000d2   Code   RO        11063    i.update_cursor_position_on_click  lv_ta.o
    0x0801bae8   0x00000028   Code   RO         2608    i.uxListRemove      list.o
    0x0801bb10   0x00000034   Code   RO         2611    i.vListInsert       list.o
    0x0801bb44   0x00000018   Code   RO         2612    i.vListInsertEnd    list.o
    0x0801bb5c   0x00000088   Code   RO         3424    i.vPortEnterCritical  port.o
    0x0801bbe4   0x00000070   Code   RO         3425    i.vPortExitCritical  port.o
    0x0801bc54   0x00000074   Code   RO         2901    i.vTaskDelay        tasks.o
    0x0801bcc8   0x00000010   Code   RO         2919    i.vTaskSuspendAll   tasks.o
    0x0801bcd8   0x000000a8   Code   RO         2920    i.vTaskSwitchContext  tasks.o
    0x0801bd80   0x000001b8   Code   RO        13731    i.write_create      demo.o
    0x0801bf38   0x00000034   Code   RO         3429    i.xPortSysTickHandler  port.o
    0x0801bf6c   0x00000020   Code   RO         2926    i.xTaskGetSchedulerState  tasks.o
    0x0801bf8c   0x00000160   Code   RO         2929    i.xTaskIncrementTick  tasks.o
    0x0801c0ec   0x00000120   Code   RO         2935    i.xTaskResumeAll    tasks.o
    0x0801c20c   0x000000c2   Data   RO          851    .constdata          gt9147.o
    0x0801c2ce   0x00000002   PAD
    0x0801c2d0   0x00000016   Data   RO         4855    .constdata          lv_style.o
    0x0801c2e6   0x00000024   Data   RO         4925    .constdata          lv_draw.o
    0x0801c30a   0x00000011   Data   RO         5393    .constdata          lv_draw_rect.o
    0x0801c31b   0x00000001   PAD
    0x0801c31c   0x00002db8   Data   RO         6057    .constdata          lv_font_roboto_16.o
    0x0801f0d4   0x00000002   Data   RO         6220    .constdata          lv_hal_disp.o
    0x0801f0d6   0x00000112   Data   RO         9311    .constdata          lv_kb.o
    0x0801f1e8   0x00036d80   Data   RO        13707    .constdata          img_bubble_pattern.o
    0x08055f68   0x0000003e   Data   RO        13733    .constdata          demo.o
    0x08055fa6   0x00000028   Data   RO        14357    .constdata          c_w.l(_printf_hex_int.o)
    0x08055fce   0x00000002   PAD
    0x08055fd0   0x0000002d   Data   RO         7749    .conststring        lv_btnm.o
    0x08055ffd   0x00000003   PAD
    0x08056000   0x00000194   Data   RO         9312    .conststring        lv_kb.o
    0x08056194   0x00000007   Data   RO        13734    .conststring        demo.o
    0x0805619b   0x00000001   PAD
    0x0805619c   0x00000020   Data   RO        14605    Region$$Table       anon$$obj.o


    Execution Region ER_RW (Base: 0x20000000, Size: 0x000004a0, Max: 0xffffffff, ABSOLUTE, COMPRESSED[0x00000204])

    Base Addr    Size         Type   Attr      Idx    E Section Name        Object

    0x20000000   0x00000014   Data   RW          459    .data               system_stm32f10x.o
    0x20000014   0x00000001   Data   RW          852    .data               gt9147.o
    0x20000015   0x00000003   PAD
    0x20000018   0x00000034   Data   RW         1100    .data               touch.o
    0x2000004c   0x00000004   Data   RW         1122    .data               delay.o
    0x20000050   0x00000006   Data   RW         1211    .data               usart.o
    0x20000056   0x00000014   Data   RW         1476    .data               stm32f10x_rcc.o
    0x2000006a   0x00000002   PAD
    0x2000006c   0x0000003c   Data   RW         2938    .data               tasks.o
    0x200000a8   0x0000000c   Data   RW         3430    .data               port.o
    0x200000b4   0x00000008   Data   RW         3937    .data               lv_indev.o
    0x200000bc   0x0000000c   Data   RW         4196    .data               lv_obj.o
    0x200000c8   0x00000008   Data   RW         4750    .data               lv_refr.o
    0x200000d0   0x00000024   Data   RW         4926    .data               lv_draw.o
    0x200000f4   0x00000002   Data   RW         5524    .data               lv_img_cache.o
    0x200000f6   0x00000002   PAD
    0x200000f8   0x0000002c   Data   RW         6058    .data               lv_font_roboto_16.o
    0x20000124   0x00000004   Data   RW         6221    .data               lv_hal_disp.o
    0x20000128   0x00000005   Data   RW         6487    .data               lv_hal_tick.o
    0x2000012d   0x00000003   PAD
    0x20000130   0x00000005   Data   RW         6531    .data               lv_anim.o
    0x20000135   0x00000003   PAD
    0x20000138   0x0000000c   Data   RW         6830    .data               lv_gc.o
    0x20000144   0x00000008   Data   RW         6998    .data               lv_mem.o
    0x2000014c   0x00000014   Data   RW         7067    .data               lv_task.o
    0x20000160   0x00000020   Data   RW         7167    .data               lv_txt.o
    0x20000180   0x00000008   Data   RW         7465    .data               lv_bar.o
    0x20000188   0x00000008   Data   RW         7611    .data               lv_btn.o
    0x20000190   0x00000024   Data   RW         7750    .data               lv_btnm.o
    0x200001b4   0x00000008   Data   RW         8463    .data               lv_chart.o
    0x200001bc   0x00000004   Data   RW         8710    .data               lv_cont.o
    0x200001c0   0x00000004   Data   RW         9157    .data               lv_img.o
    0x200001c4   0x00000268   Data   RW         9313    .data               lv_kb.o
    0x2000042c   0x00000004   Data   RW         9423    .data               lv_label.o
    0x20000430   0x00000010   Data   RW         9792    .data               lv_list.o
    0x20000440   0x00000004   Data   RW        10077    .data               lv_mbox.o
    0x20000444   0x00000008   Data   RW        10251    .data               lv_page.o
    0x2000044c   0x00000008   Data   RW        10741    .data               lv_slider.o
    0x20000454   0x00000014   Data   RW        11064    .data               lv_ta.o
    0x20000468   0x00000010   Data   RW        11559    .data               lv_tabview.o
    0x20000478   0x00000001   Data   RW        12010    .data               lv_theme.o
    0x20000479   0x00000001   PAD
    0x2000047a   0x00000004   Data   RW        13688    .data               lv_port_indev.o
    0x2000047e   0x00000002   PAD
    0x20000480   0x0000000c   Data   RW        13708    .data               img_bubble_pattern.o
    0x2000048c   0x00000014   Data   RW        13735    .data               demo.o


    Execution Region ER_ZI (Base: 0x200004a0, Size: 0x000094b8, Max: 0xffffffff, ABSOLUTE)

    Base Addr    Size         Type   Attr      Idx    E Section Name        Object

    0x200004a0   0x0000000e   Zero   RW          920    .bss                ili93xx.o
    0x200004ae   0x000000c8   Zero   RW         1210    .bss                usart.o
    0x20000576   0x00000002   PAD
    0x20000578   0x000002e4   Zero   RW         2937    .bss                tasks.o
    0x2000085c   0x0000030c   Zero   RW         4854    .bss                lv_style.o
    0x20000b68   0x00000060   Zero   RW         6829    .bss                lv_gc.o
    0x20000bc8   0x00004000   Zero   RW         6997    .bss                lv_mem.o
    0x20004bc8   0x00001a88   Zero   RW        12009    .bss                lv_theme.o
    0x20006650   0x0000259c   Zero   RW        13666    .bss                lv_port_disp.o
    0x20008bec   0x0000030c   Zero   RW        13732    .bss                demo.o
    0x20008ef8   0x00000060   Zero   RW        14483    .bss                c_w.l(libspace.o)
    0x20008f58   0x00000200   Zero   RW         1261    HEAP                startup_stm32f10x_hd.o
    0x20009158   0x00000800   Zero   RW         1260    STACK               startup_stm32f10x_hd.o


==============================================================================

Image component sizes


      Code (inc. data)   RO Data    RW Data    ZI Data      Debug   Object Name

       244         26          0          4          0       7313   delay.o
      2892        374         69         20        780      37437   demo.o
      1114         80        194          1          0       4378   gt9147.o
       634         78          0          0          0       5642   gtiic.o
      5766        108          0          0         14      11123   ili93xx.o
         0          0     224640         12          0        684   img_bubble_pattern.o
       116          0          0          0          0       2018   list.o
       732         50          0          5          0      16745   lv_anim.o
         0          0          0          0          0      21418   lv_arc.o
       534          0          0          0          0       7249   lv_area.o
      1760         52          0          8          0      23684   lv_bar.o
      1102         60          0          8          0      14373   lv_btn.o
      4178         98         45         36          0      24223   lv_btnm.o
         0          0          0          0          0       3602   lv_calendar.o
         0          0          0          0          0       5086   lv_canvas.o
      5166         90          0          8          0      33970   lv_chart.o
        98          0          0          0          0       2697   lv_circ.o
      3144         24          0          4          0      20151   lv_cont.o
        66          0          0          0          0      20624   lv_disp.o
       364         20         36         36          0      20789   lv_draw.o
      2558         26          0          0          0      25529   lv_draw_basic.o
       772         40          0          0          0      14486   lv_draw_img.o
      1350         24          0          0          0      11622   lv_draw_label.o
      5252          0          0          0          0       8915   lv_draw_line.o
     11568         16         17          0          0      25249   lv_draw_rect.o
      2518          0          0          0          0       5379   lv_draw_triangle.o
        84          0          0          0          0       3449   lv_font.o
       886         16          0          0          0       8425   lv_font_fmt_txt.o
         0          0          0          0          0       1744   lv_font_roboto_12.o
         0          0      11704         44          0       1948   lv_font_roboto_16.o
         0          0          0         12         96       7878   lv_gc.o
      1128         20          0          0          0      32578   lv_group.o
       554         26          2          4          0      28523   lv_hal_disp.o
       234         12          0          0          0      22794   lv_hal_indev.o
        86         20          0          5          0       2160   lv_hal_tick.o
      1198         32          0          4          0       6621   lv_img.o
       540         34          0          2          0       3410   lv_img_cache.o
      1890         60          0          0          0      19254   lv_img_decoder.o
      5052         68          0          8          0      28902   lv_indev.o
      1296        114        678        616          0      10697   lv_kb.o
      4326        108          0          4          0      31882   lv_label.o
      2828        120          0         16          0      21708   lv_list.o
       852          0          0          0          0       9932   lv_ll.o
      1564         78          0          4          0      24619   lv_mbox.o
       544         32          0          8      16384       5878   lv_mem.o
      5578        112          0         12          0      53791   lv_obj.o
      6310        112          0          8          0      51264   lv_page.o
       124         18          0          0       9628       1916   lv_port_disp.o
       132         18          0          4          0       1477   lv_port_indev.o
      2012         48          0          8          0      10599   lv_refr.o
         0          0          0          0          0       4844   lv_roller.o
      2684         38          0          8          0      11417   lv_slider.o
      1434         68         22          0        780       7910   lv_style.o
      6950        236          0         20          0      43714   lv_ta.o
      5544        128          0         16          0      26722   lv_tabview.o
       888         90          0         20          0       7478   lv_task.o
        24         10          0          1       6792      25393   lv_theme.o
      1690         60          0         32          0      14093   lv_txt.o
        84          0          0          0          0        891   lv_utils.o
        76          4          0          0          0     286425   main.o
       172         22          0          0          0       1985   misc.o
       450        150          0         12          0       5167   port.o
        64         26        304          0       2560        784   startup_stm32f10x_hd.o
       282          6          0          0          0       1761   stm32f10x_fsmc.o
       286          0          0          0          0       2964   stm32f10x_gpio.o
        20          0          0          0          0       2369   stm32f10x_it.o
       308         38          0         20          0       4898   stm32f10x_rcc.o
       246         42          0          0          0       3442   stm32f10x_tim.o
       408          6          0          0          0       4886   stm32f10x_usart.o
         0          0          0          0          0         32   sys.o
       328         28          0         20          0       1997   system_stm32f10x.o
      1176        306          0         60        740      16526   tasks.o
       184         36          0          0          0       1560   timer.o
       276         24          0         52          0       1527   touch.o
       328         26          0          6        200       4036   usart.o

    ----------------------------------------------------------------------
    113156       3558     237750       1184      37976    1248656   Object Totals
         0          0         32          0          0          0   (incl. Generated)
       108          0          7         16          2          0   (incl. Padding)

    ----------------------------------------------------------------------

      Code (inc. data)   RO Data    RW Data    ZI Data      Debug   Library Member Name

        90          0          0          0          0          0   __dczerorl2.o
         8          0          0          0          0         68   __main.o
       104          0          0          0          0         84   __printf.o
         0          0          0          0          0          0   __rtentry.o
        12          0          0          0          0          0   __rtentry2.o
         6          0          0          0          0          0   __rtentry4.o
        52          8          0          0          0          0   __scatter.o
        28          0          0          0          0          0   __scatter_zi.o
        44          0          0          0          0        108   _printf_char.o
        48          6          0          0          0         96   _printf_char_common.o
        36          4          0          0          0         80   _printf_char_file.o
         6          0          0          0          0          0   _printf_d.o
       120         16          0          0          0         92   _printf_dec.o
        88          4         40          0          0         88   _printf_hex_int.o
       178          0          0          0          0         88   _printf_intcommon.o
         0          0          0          0          0          0   _printf_percent.o
         4          0          0          0          0          0   _printf_percent_end.o
         6          0          0          0          0          0   _printf_s.o
        82          0          0          0          0         80   _printf_str.o
         6          0          0          0          0          0   _printf_x.o
        16          0          0          0          0         68   aeabi_memset.o
        18          0          0          0          0         80   exit.o
         8          0          0          0          0         68   ferror.o
         6          0          0          0          0        152   heapauxi.o
         2          0          0          0          0          0   libinit.o
         2          0          0          0          0          0   libinit2.o
         2          0          0          0          0          0   libshutdown.o
         2          0          0          0          0          0   libshutdown2.o
         8          4          0          0         96         68   libspace.o
        24          4          0          0          0         84   noretval__2printf.o
        68          0          0          0          0         68   rt_memclr.o
        78          0          0          0          0         80   rt_memclr_w.o
       138          0          0          0          0         68   rt_memcpy_v6.o
       100          0          0          0          0         80   rt_memcpy_w.o
         2          0          0          0          0          0   rtexit.o
        10          0          0          0          0          0   rtexit2.o
       128          0          0          0          0         68   strcmpv7m.o
        72          0          0          0          0         80   strcpy.o
        62          0          0          0          0         76   strlen.o
        74          0          0          0          0         80   sys_stackheap_outer.o
         2          0          0          0          0         68   use_no_semi.o
         2          0          0          0          0         68   use_no_semi_2.o

    ----------------------------------------------------------------------
      1752         46         42          0         96       2040   Library Totals
        10          0          2          0          0          0   (incl. Padding)

    ----------------------------------------------------------------------

      Code (inc. data)   RO Data    RW Data    ZI Data      Debug   Library Name

      1742         46         40          0         96       2040   c_w.l

    ----------------------------------------------------------------------
      1752         46         42          0         96       2040   Library Totals

    ----------------------------------------------------------------------

==============================================================================


      Code (inc. data)   RO Data    RW Data    ZI Data      Debug   

    114908       3604     237792       1184      38072    1215852   Grand Totals
    114908       3604     237792        516      38072    1215852   ELF Image Totals (compressed)
    114908       3604     237792        516          0          0   ROM Totals

==============================================================================

    Total RO  Size (Code + RO Data)               352700 ( 344.43kB)
    Total RW  Size (RW Data + ZI Data)             39256 (  38.34kB)
    Total ROM Size (Code + RO Data + RW Data)     353216 ( 344.94kB)

==============================================================================

